Component: ARM Compiler 5.05 update 1 (build 106) Tool: armlink [4d0efa]

==============================================================================

Section Cross References

    main.o(.text) refers to delay.o(.text) for delay_init
    main.o(.text) refers to usart.o(.text) for uart_init
    main.o(.text) refers to led.o(.text) for LED_Init
    main.o(.text) refers to lcd.o(.text) for LCD_Init
    main.o(.text) refers to rand.o(.text) for srand
    main.o(.text) refers to rand.o(.emb_text) for rand
    main.o(.text) refers to image2lcd.o(.text) for image_display
    main.o(.text) refers to sys.o(.text) for NVIC_Configuration
    main.o(.text) refers to exti.o(.text) for EXTIX_Init
    main.o(.text) refers to rtc.o(.text) for RTC_Init
    main.o(.text) refers to image1.o(.constdata) for gImage_image1
    main.o(.text) refers to lcd.o(.data) for POINT_COLOR
    main.o(.text) refers to lcd.o(.bss) for lcddev
    system_stm32f10x.o(.text) refers to system_stm32f10x.o(.data) for SystemCoreClock
    led.o(.text) refers to stm32f10x_rcc.o(.text) for RCC_APB2PeriphClockCmd
    led.o(.text) refers to stm32f10x_gpio.o(.text) for GPIO_Init
    lcd.o(.text) refers to _printf_percent.o(.ARM.Collect$$_printf_percent$$00000000) for _printf_percent
    lcd.o(.text) refers to _printf_x.o(.ARM.Collect$$_printf_percent$$0000000C) for _printf_x
    lcd.o(.text) refers to _printf_hex_int.o(.text) for _printf_longlong_hex
    lcd.o(.text) refers to stm32f10x_gpio.o(.text) for GPIO_ResetBits
    lcd.o(.text) refers to delay.o(.text) for delay_us
    lcd.o(.text) refers to lcd.o(.bss) for lcddev
    lcd.o(.text) refers to lcd.o(.data) for POINT_COLOR
    lcd.o(.text) refers to stm32f10x_rcc.o(.text) for RCC_APB2PeriphClockCmd
    lcd.o(.text) refers to noretval__2printf.o(.text) for __2printf
    lcd.o(.text) refers to lcd.o(.constdata) for asc2_1206
    lcd.o(.text) refers to sqrt.o(i.sqrt) for sqrt
    lcd.o(.text) refers to dmul.o(x$fpl$dmul) for __aeabi_dmul
    lcd.o(.text) refers to daddsub_clz.o(x$fpl$drsb) for __aeabi_drsub
    lcd.o(.text) refers to dfixu.o(x$fpl$dfixu) for __aeabi_d2uiz
    lcd.o(.text) refers to daddsub_clz.o(x$fpl$dadd) for __aeabi_dadd
    lcd.o(.text) refers to rtc.o(.bss) for calendar
    lcd.o(.text) refers to fflt_clz.o(x$fpl$ffltu) for __aeabi_ui2f
    lcd.o(.text) refers to fdiv.o(x$fpl$fdiv) for __aeabi_fdiv
    lcd.o(.text) refers to fmul.o(x$fpl$fmul) for __aeabi_fmul
    lcd.o(.text) refers to faddsub_clz.o(x$fpl$fsub) for __aeabi_fsub
    lcd.o(.text) refers to f2d.o(x$fpl$f2d) for __aeabi_f2d
    lcd.o(.text) refers to cos.o(i.cos) for cos
    lcd.o(.text) refers to sin.o(i.sin) for sin
    lcd.o(.text) refers to fflt_clz.o(x$fpl$fflt) for __aeabi_i2f
    rtc.o(.text) refers to misc.o(.text) for NVIC_Init
    rtc.o(.text) refers to stm32f10x_rtc.o(.text) for RTC_GetCounter
    rtc.o(.text) refers to stm32f10x_rcc.o(.text) for RCC_APB1PeriphClockCmd
    rtc.o(.text) refers to stm32f10x_pwr.o(.text) for PWR_BackupAccessCmd
    rtc.o(.text) refers to stm32f10x_bkp.o(.text) for BKP_ReadBackupRegister
    rtc.o(.text) refers to delay.o(.text) for delay_ms
    rtc.o(.text) refers to rtc.o(.constdata) for table_week
    rtc.o(.text) refers to rtc.o(.data) for daycnt
    rtc.o(.text) refers to rtc.o(.bss) for calendar
    exti.o(.text) refers to stm32f10x_rcc.o(.text) for RCC_APB2PeriphClockCmd
    exti.o(.text) refers to key.o(.text) for KEY_Init
    exti.o(.text) refers to stm32f10x_gpio.o(.text) for GPIO_EXTILineConfig
    exti.o(.text) refers to stm32f10x_exti.o(.text) for EXTI_Init
    exti.o(.text) refers to misc.o(.text) for NVIC_Init
    exti.o(.text) refers to delay.o(.text) for delay_ms
    exti.o(.text) refers to lcd.o(.text) for LCD_ShowNum
    exti.o(.text) refers to exti.o(.data) for t
    exti.o(.text) refers to lcd.o(.data) for POINT_COLOR
    exti.o(.text) refers to rtc.o(.bss) for calendar
    exti.o(.text) refers to rtc.o(.text) for RTC_Set
    key.o(.text) refers to stm32f10x_rcc.o(.text) for RCC_APB2PeriphClockCmd
    key.o(.text) refers to stm32f10x_gpio.o(.text) for GPIO_PinRemapConfig
    key.o(.text) refers to delay.o(.text) for delay_ms
    key.o(.text) refers to key.o(.data) for key_up
    delay.o(.text) refers to misc.o(.text) for SysTick_CLKSourceConfig
    delay.o(.text) refers to system_stm32f10x.o(.data) for SystemCoreClock
    delay.o(.text) refers to delay.o(.data) for fac_us
    sys.o(.text) refers to misc.o(.text) for NVIC_PriorityGroupConfig
    usart.o(.text) refers (Special) to use_no_semi_2.o(.text) for __use_no_semihosting
    usart.o(.text) refers to stm32f10x_rcc.o(.text) for RCC_APB2PeriphClockCmd
    usart.o(.text) refers to stm32f10x_usart.o(.text) for USART_DeInit
    usart.o(.text) refers to stm32f10x_gpio.o(.text) for GPIO_Init
    usart.o(.text) refers to misc.o(.text) for NVIC_Init
    usart.o(.text) refers to usart.o(.data) for USART_RX_STA
    usart.o(.text) refers to usart.o(.bss) for USART_RX_BUF
[...]
    .text                                    0x0800bfe8   Section        0  _printf_char_file.o(.text)
    .text                                    0x0800c00c   Section        8  rt_errno_addr_intlibspace.o(.text)
    .text                                    0x0800c014   Section        0  _printf_char_common.o(.text)
    _printf_input_char                       0x0800c015   Thumb Code    10  _printf_char_common.o(.text)
    .text                                    0x0800c044   Section        0  ferror.o(.text)
    .text                                    0x0800c04c   Section        8  libspace.o(.text)
    .text                                    0x0800c054   Section       74  sys_stackheap_outer.o(.text)
    .text                                    0x0800c09e   Section        0  exit.o(.text)
    i.__ARM_fpclassify                       0x0800c0aa   Section        0  fpclassify.o(i.__ARM_fpclassify)
    i.__ieee754_rem_pio2                     0x0800c0d4   Section        0  rred.o(i.__ieee754_rem_pio2)
    i.__kernel_cos                           0x0800c45c   Section        0  cos_i.o(i.__kernel_cos)
    i.__kernel_poly                          0x0800c558   Section        0  poly.o(i.__kernel_poly)
    i.__kernel_sin                           0x0800c604   Section        0  sin_i.o(i.__kernel_sin)
    i.__mathlib_dbl_infnan                   0x0800c6f0   Section        0  dunder.o(i.__mathlib_dbl_infnan)
    i.__mathlib_dbl_invalid                  0x0800c6f6   Section        0  dunder.o(i.__mathlib_dbl_invalid)
    i.__mathlib_dbl_underflow                0x0800c704   Section        0  dunder.o(i.__mathlib_dbl_underflow)
    i._is_digit                              0x0800c714   Section        0  __printf_wp.o(i._is_digit)
    i.cos                                    0x0800c724   Section        0  cos.o(i.cos)
    i.sin                                    0x0800c7c0   Section        0  sin.o(i.sin)
    i.sqrt                                   0x0800c860   Section        0  sqrt.o(i.sqrt)
    x$fpl$dadd                               0x0800c8ac   Section      336  daddsub_clz.o(x$fpl$dadd)
    _dadd1                                   0x0800c8bd   Thumb Code     0  daddsub_clz.o(x$fpl$dadd)
    x$fpl$dcheck1                            0x0800c9fc   Section       16  dcheck1.o(x$fpl$dcheck1)
    x$fpl$ddiv                               0x0800ca0c   Section      688  ddiv.o(x$fpl$ddiv)
    ddiv_entry                               0x0800ca13   Thumb Code     0  ddiv.o(x$fpl$ddiv)
    x$fpl$dfix                               0x0800ccbc   Section       94  dfix.o(x$fpl$dfix)
    x$fpl$dfixu                              0x0800cd1c   Section       90  dfixu.o(x$fpl$dfixu)
    x$fpl$dflt                               0x0800cd76   Section       46  dflt_clz.o(x$fpl$dflt)
    x$fpl$dfltu                              0x0800cda4   Section       38  dflt_clz.o(x$fpl$dfltu)
    x$fpl$dmul                               0x0800cdcc   Section      340  dmul.o(x$fpl$dmul)
    x$fpl$dnaninf                            0x0800cf20   Section      156  dnaninf.o(x$fpl$dnaninf)
    x$fpl$dretinf                            0x0800cfbc   Section       12  dretinf.o(x$fpl$dretinf)
    x$fpl$drsb                               0x0800cfc8   Section       22  daddsub_clz.o(x$fpl$drsb)
    x$fpl$dsqrt                              0x0800cfe0   Section      460  dsqrt_noumaal.o(x$fpl$dsqrt)
    x$fpl$dsub                               0x0800d1ac   Section      468  daddsub_clz.o(x$fpl$dsub)
    _dsub1                                   0x0800d1bd   Thumb Code     0  daddsub_clz.o(x$fpl$dsub)
    x$fpl$f2d                                0x0800d380   Section       86  f2d.o(x$fpl$f2d)
    x$fpl$fadd                               0x0800d3d8   Section      196  faddsub_clz.o(x$fpl$fadd)
    _fadd1                                   0x0800d3e7   Thumb Code     0  faddsub_clz.o(x$fpl$fadd)
    x$fpl$fdiv                               0x0800d49c   Section      388  fdiv.o(x$fpl$fdiv)
    _fdiv1                                   0x0800d49d   Thumb Code     0  fdiv.o(x$fpl$fdiv)
    x$fpl$fflt                               0x0800d620   Section       48  fflt_clz.o(x$fpl$fflt)
    x$fpl$ffltu                              0x0800d650   Section       38  fflt_clz.o(x$fpl$ffltu)
    x$fpl$fmul                               0x0800d678   Section      258  fmul.o(x$fpl$fmul)
    x$fpl$fnaninf                            0x0800d77a   Section      140  fnaninf.o(x$fpl$fnaninf)
    x$fpl$fretinf                            0x0800d806   Section       10  fretinf.o(x$fpl$fretinf)
    x$fpl$fsub                               0x0800d810   Section      234  faddsub_clz.o(x$fpl$fsub)
    _fsub1                                   0x0800d81f   Thumb Code     0  faddsub_clz.o(x$fpl$fsub)
    x$fpl$retnan                             0x0800d8fa   Section      100  retnan.o(x$fpl$retnan)
    x$fpl$scalbn                             0x0800d95e   Section       92  scalbn.o(x$fpl$scalbn)
    x$fpl$trapveneer                         0x0800d9ba   Section       48  trapv.o(x$fpl$trapveneer)
    .constdata                               0x0800d9ea   Section     6080  lcd.o(.constdata)
    x$fpl$usenofp                            0x0800d9ea   Section        0  usenofp.o(x$fpl$usenofp)
    .constdata                               0x0800f1aa   Section       24  rtc.o(.constdata)
    .constdata                               0x0800f1c2   Section    148998  image1.o(.constdata)
    .constdata                               0x080337c8   Section       40  _printf_hex_int.o(.constdata)
    uc_hextab                                0x080337c8   Data          20  _printf_hex_int.o(.constdata)
    lc_hextab                                0x080337dc   Data          20  _printf_hex_int.o(.constdata)
    .constdata                               0x080337f0   Section       17  __printf_flags_ss_wp.o(.constdata)
    maptable                                 0x080337f0   Data          17  __printf_flags_ss_wp.o(.constdata)
    .constdata                               0x08033808   Section       48  cos_i.o(.constdata)
    C                                        0x08033808   Data          48  cos_i.o(.constdata)
    .constdata                               0x08033838   Section      200  rred.o(.constdata)
    pio2s                                    0x08033838   Data          48  rred.o(.constdata)
    twooverpi                                0x08033868   Data         152  rred.o(.constdata)
    .constdata                               0x08033900   Section       40  sin_i.o(.constdata)
    S                                        0x08033900   Data          40  sin_i.o(.constdata)
    .conststring                             0x08033928   Section       40  usmart.o(.conststring)
    .conststring                             0x08033950   Section      171  usmart_config.o(.conststring)
    .data                                    0x20000000   Section       20  system_stm32f10x.o(.data)
    .data                                    0x20000014   Section       44  lcd.o(.data)
    .data                                    0x20000040   Section        2  rtc.o(.data)
    daycnt                                   0x20000040   Data           2  rtc.o(.data)
    .data                                    0x20000044   Section        8  exti.o(.data)
    .data                                    0x2000004c   Section        1  key.o(.data)
    key_up                                   0x2000004c   Data           1  key.o(.data)
    .data                                    0x2000004e   Section        4  delay.o(.data)
    fac_us                                   0x2000004e   Data           1  delay.o(.data)
    fac_ms                                   0x20000050   Data           2  delay.o(.data)
    .data                                    0x20000054   Section        6  usart.o(.data)
    .data                                    0x2000005a   Section       20  stm32f10x_rcc.o(.data)
    APBAHBPrescTable                         0x2000005a   Data          16  stm32f10x_rcc.o(.data)
    ADCPrescTable                            0x2000006a   Data           4  stm32f10x_rcc.o(.data)
    .data                                    0x20000070   Section       28  usmart.o(.data)
    .data                                    0x2000008c   Section      284  usmart_config.o(.data)
    .bss                                     0x200001a8   Section       14  lcd.o(.bss)
    .bss                                     0x200001b6   Section       10  rtc.o(.bss)
    .bss                                     0x200001c0   Section      200  usart.o(.bss)
    .bss                                     0x20000288   Section      228  rand.o(.bss)
    .bss                                     0x2000036c   Section       96  libspace.o(.bss)
    HEAP                                     0x200003d0   Section      512  startup_stm32f10x_hd.o(HEAP)
    Heap_Mem                                 0x200003d0   Data         512  startup_stm32f10x_hd.o(HEAP)
    STACK                                    0x200005d0   Section     1024  startup_stm32f10x_hd.o(STACK)
    Stack_Mem                                0x200005d0   Data        1024  startup_stm32f10x_hd.o(STACK)
    __initial_sp                             0x200009d0   Data           0  startup_stm32f10x_hd.o(STACK)

    Global Symbols

    Symbol Name                              Value     Ov Type        Size  Object(Section)

    BuildAttributes$$THM_ISAv4$P$D$K$B$S$PE$A:L22UL41UL21$X:L11$S22US41US21$IEEE1$IW$USESV6$~STKCKD$USESV7$~SHL$OTIME$ROPI$IEEEX$EBA8$UX$STANDARDLIB$REQ8$PRES8$EABIv2 0x00000000   Number         0  anon$$obj.o ABSOLUTE
    __ARM_use_no_argv                        0x00000000   Number         0  main.o ABSOLUTE
    _printf_flags                            0x00000000   Number         0  printf_stubs.o ABSOLUTE
    _printf_return_value                     0x00000000   Number         0  printf_stubs.o ABSOLUTE
    _printf_sizespec                         0x00000000   Number         0  printf_stubs.o ABSOLUTE
    _printf_widthprec                        0x00000000   Number         0  printf_stubs.o ABSOLUTE
    __ARM_exceptions_init                     - Undefined Weak Reference
    __alloca_initialize                       - Undefined Weak Reference
    __arm_preinit_                            - Undefined Weak Reference
    __cpp_initialize__aeabi_                  - Undefined Weak Reference
    __cxa_finalize                            - Undefined Weak Reference
    __rt_locale                               - Undefined Weak Reference
    __sigvec_lookup                           - Undefined Weak Reference
    _atexit_init                              - Undefined Weak Reference
    _call_atexit_fns                          - Undefined Weak Reference
    _clock_init                               - Undefined Weak Reference
    _fp_trap_init                             - Undefined Weak Reference
    _fp_trap_shutdown                         - Undefined Weak Reference
    _get_lc_collate                           - Undefined Weak Reference
    _get_lc_ctype                             - Undefined Weak Reference
    _get_lc_monetary                          - Undefined Weak Reference
    _get_lc_numeric                           - Undefined Weak Reference
    _get_lc_time                              - Undefined Weak Reference
    _getenv_init                              - Undefined Weak Reference
    _handle_redirection                       - Undefined Weak Reference
    _init_alloc                               - Undefined Weak Reference
    _init_user_alloc                          - Undefined Weak Reference
    _initio                                   - Undefined Weak Reference
    _mutex_acquire                            - Undefined Weak Reference
    _mutex_release                            - Undefined Weak Reference
    _printf_mbtowc                            - Undefined Weak Reference
    _printf_truncate_signed                   - Undefined Weak Reference
    _printf_truncate_unsigned                 - Undefined Weak Reference
    _signal_finish                            - Undefined Weak Reference
    _signal_init                              - Undefined Weak Reference
    _terminate_alloc                          - Undefined Weak Reference
    _terminate_user_alloc                     - Undefined Weak Reference
    _terminateio                              - Undefined Weak Reference
    __Vectors_Size                           0x00000130   Number         0  startup_stm32f10x_hd.o ABSOLUTE
    __Vectors                                0x08000000   Data           4  startup_stm32f10x_hd.o(RESET)
    __Vectors_End                            0x08000130   Data           0  startup_stm32f10x_hd.o(RESET)
    __main                                   0x08000131   Thumb Code     8  __main.o(!!!main)
    __scatterload                            0x08000139   Thumb Code     0  __scatter.o(!!!scatter)
    __scatterload_rt2                        0x08000139   Thumb Code    44  __scatter.o(!!!scatter)
    __scatterload_rt2_thumb_only             0x08000139   Thumb Code     0  __scatter.o(!!!scatter)
    __scatterload_null                       0x08000147   Thumb Code     0  __scatter.o(!!!scatter)
    __decompress                             0x0800016d   Thumb Code    90  __dczerorl2.o(!!dczerorl2)
    __decompress1                            0x0800016d   Thumb Code     0  __dczerorl2.o(!!dczerorl2)
    __scatterload_zeroinit                   0x080001c9   Thumb Code    28  __scatter_zi.o(!!handler_zi)
    _printf_d                                0x080001e5   Thumb Code     0  _printf_d.o(.ARM.Collect$$_printf_percent$$00000009)
    _printf_percent                          0x080001e5   Thumb Code     0  _printf_percent.o(.ARM.Collect$$_printf_percent$$00000000)
    _printf_u                                0x080001eb   Thumb Code     0  _printf_u.o(.ARM.Collect$$_printf_percent$$0000000A)
    _printf_x                                0x080001f1   Thumb Code     0  _printf_x.o(.ARM.Collect$$_printf_percent$$0000000C)
    _printf_c                                0x080001f7   Thumb Code     0  _printf_c.o(.ARM.Collect$$_printf_percent$$00000013)
    _printf_s                                0x080001fd   Thumb Code     0  _printf_s.o(.ARM.Collect$$_printf_percent$$00000014)
    _printf_percent_end                      0x08000203   Thumb Code     0  _printf_percent_end.o(.ARM.Collect$$_printf_percent$$00000017)
    __rt_lib_init                            0x08000207   Thumb Code     0  libinit.o(.ARM.Collect$$libinit$$00000000)
    __rt_lib_init_fp_1                       0x08000209   Thumb Code     0  libinit2.o(.ARM.Collect$$libinit$$00000002)
    __rt_lib_init_heap_1                     0x08000209   Thumb Code     0  libinit2.o(.ARM.Collect$$libinit$$0000000A)
    __rt_lib_init_preinit_1                  0x08000209   Thumb Code     0  libinit2.o(.ARM.Collect$$libinit$$00000004)
    __rt_lib_init_rand_2                     0x08000209   Thumb Code     0  libinit2.o(.ARM.Collect$$libinit$$0000000D)
    __rt_lib_init_user_alloc_1               0x08000209   Thumb Code     0  libinit2.o(.ARM.Collect$$libinit$$0000000C)
    __rt_lib_init_alloca_1                   0x0800020d   Thumb Code     0  libinit2.o(.ARM.Collect$$libinit$$0000002E)
    __rt_lib_init_argv_1                     0x0800020d   Thumb Code     0  libinit2.o(.ARM.Collect$$libinit$$0000002C)
    __rt_lib_init_atexit_1                   0x0800020d   Thumb Code     0  libinit2.o(.ARM.Collect$$libinit$$0000001B)
    __rt_lib_init_clock_1                    0x0800020d   Thumb Code     0  libinit2.o(.ARM.Collect$$libinit$$00000021)
    __rt_lib_init_cpp_1                      0x0800020d   Thumb Code     0  libinit2.o(.ARM.Collect$$libinit$$00000032)
    __rt_lib_init_exceptions_1               0x0800020d   Thumb Code     0  libinit2.o(.ARM.Collect$$libinit$$00000030)
    __rt_lib_init_fp_trap_1                  0x0800020d   Thumb Code     0  libinit2.o(.ARM.Collect$$libinit$$0000001F)
    __rt_lib_init_getenv_1                   0x0800020d   Thumb Code     0  libinit2.o(.ARM.Collect$$libinit$$00000023)
    __rt_lib_init_lc_collate_1               0x0800020d   Thumb Code     0  libinit2.o(.ARM.Collect$$libinit$$00000011)
    __rt_lib_init_lc_ctype_1                 0x0800020d   Thumb Code     0  libinit2.o(.ARM.Collect$$libinit$$00000013)
    __rt_lib_init_lc_monetary_1              0x0800020d   Thumb Code     0  libinit2.o(.ARM.Collect$$libinit$$00000015)
    __rt_lib_init_lc_numeric_1               0x0800020d   Thumb Code     0  libinit2.o(.ARM.Collect$$libinit$$00000017)
    __rt_lib_init_lc_time_1                  0x0800020d   Thumb Code     0  libinit2.o(.ARM.Collect$$libinit$$00000019)
    __rt_lib_init_rand_1                     0x0800020d   Thumb Code     0  libinit2.o(.ARM.Collect$$libinit$$0000000E)
    __rt_lib_init_return                     0x0800020d   Thumb Code     0  libinit2.o(.ARM.Collect$$libinit$$00000033)
    __rt_lib_init_signal_1                   0x0800020d   Thumb Code     0  libinit2.o(.ARM.Collect$$libinit$$0000001D)
    __rt_lib_init_stdio_1                    0x0800020d   Thumb Code     0  libinit2.o(.ARM.Collect$$libinit$$00000025)
    __rt_lib_shutdown                        0x0800020f   Thumb Code     0  libshutdown.o(.ARM.Collect$$libshutdown$$00000000)
    __rt_lib_shutdown_fp_trap_1              0x08000211   Thumb Code     0  libshutdown2.o(.ARM.Collect$$libshutdown$$00000006)
    __rt_lib_shutdown_heap_1                 0x08000211   Thumb Code     0  libshutdown2.o(.ARM.Collect$$libshutdown$$0000000E)
    __rt_lib_shutdown_return                 0x08000211   Thumb Code     0  libshutdown2.o(.ARM.Collect$$libshutdown$$0000000F)
    __rt_lib_shutdown_signal_1               0x08000211   Thumb Code     0  libshutdown2.o(.ARM.Collect$$libshutdown$$00000009)
    __rt_lib_shutdown_stdio_1                0x08000211   Thumb Code     0  libshutdown2.o(.ARM.Collect$$libshutdown$$00000003)
    __rt_lib_shutdown_user_alloc_1           0x08000211   Thumb Code     0  libshutdown2.o(.ARM.Collect$$libshutdown$$0000000B)
    __rt_entry                               0x08000213   Thumb Code     0  __rtentry.o(.ARM.Collect$$rtentry$$00000000)
    __rt_entry_presh_1                       0x08000213   Thumb Code     0  __rtentry2.o(.ARM.Collect$$rtentry$$00000002)
    __rt_entry_sh                            0x08000213   Thumb Code     0  __rtentry4.o(.ARM.Collect$$rtentry$$00000004)
    __rt_entry_li                            0x08000219   Thumb Code     0  __rtentry2.o(.ARM.Collect$$rtentry$$0000000A)
    __rt_entry_postsh_1                      0x08000219   Thumb Code     0  __rtentry2.o(.ARM.Collect$$rtentry$$00000009)
    __rt_entry_main                          0x0800021d   Thumb Code     0  __rtentry2.o(.ARM.Collect$$rtentry$$0000000D)
    __rt_entry_postli_1                      0x0800021d   Thumb Code     0  __rtentry2.o(.ARM.Collect$$rtentry$$0000000C)
    __rt_exit                                0x08000225   Thumb Code     0  rtexit.o(.ARM.Collect$$rtexit$$00000000)
    __rt_exit_ls                             0x08000227   Thumb Code     0  rtexit2.o(.ARM.Collect$$rtexit$$00000003)
    __rt_exit_prels_1                        0x08000227   Thumb Code     0  rtexit2.o(.ARM.Collect$$rtexit$$00000002)
    __rt_exit_exit                           0x0800022b   Thumb Code     0  rtexit2.o(.ARM.Collect$$rtexit$$00000004)
    rand                                     0x08000231   Thumb Code    48  rand.o(.emb_text)
    main                                     0x08000265   Thumb Code   312  main.o(.text)
    NMI_Handler                              0x080003fd   Thumb Code     2  stm32f10x_it.o(.text)
    HardFault_Handler                        0x080003ff   Thumb Code     4  stm32f10x_it.o(.text)
    MemManage_Handler                        0x08000403   Thumb Code     4  stm32f10x_it.o(.text)
    BusFault_Handler                         0x08000407   Thumb Code     4  stm32f10x_it.o(.text)
    UsageFault_Handler                       0x0800040b   Thumb Code     4  stm32f10x_it.o(.text)
    SVC_Handler                              0x0800040f   Thumb Code     2  stm32f10x_it.o(.text)
    DebugMon_Handler                         0x08000411   Thumb Code     2  stm32f10x_it.o(.text)
    PendSV_Handler                           0x08000413   Thumb Code     2  stm32f10x_it.o(.text)
    SysTick_Handler                          0x08000415   Thumb Code     2  stm32f10x_it.o(.text)
    SystemInit                               0x080004f7   Thumb Code    78  system_stm32f10x.o(.text)
    SystemCoreClockUpdate                    0x08000545   Thumb Code   142  system_stm32f10x.o(.text)
    LED_Init                                 0x080005f9   Thumb Code    72  led.o(.text)
    LCD_WR_REG                               0x08000649   Thumb Code    60  lcd.o(.text)
    LCD_WR_DATAX                             0x08000685   Thumb Code    60  lcd.o(.text)
    LCD_RD_DATA                              0x080006c1   Thumb Code   118  lcd.o(.text)
    LCD_WriteReg                             0x08000737   Thumb Code    68  lcd.o(.text)
    LCD_ReadReg                              0x0800077b   Thumb Code    16  lcd.o(.text)
    LCD_WriteRAM_Prepare                     0x0800078b   Thumb Code    12  lcd.o(.text)
    LCD_WriteRAM                             0x08000797   Thumb Code    60  lcd.o(.text)
    LCD_BGR2RGB                              0x080007d3   Thumb Code    26  lcd.o(.text)
    LCD_SetCursor                            0x080007ed   Thumb Code   860  lcd.o(.text)
    LCD_ReadPoint                            0x08000b49   Thumb Code   464  lcd.o(.text)
    LCD_DisplayOn                            0x08000d19   Thumb Code    80  lcd.o(.text)
    LCD_DisplayOff                           0x08000d69   Thumb Code    78  lcd.o(.text)
    LCD_Scan_Dir                             0x08000db7   Thumb Code  1504  lcd.o(.text)
    LCD_DrawPoint                            0x08001397   Thumb Code    76  lcd.o(.text)
    LCD_Fast_DrawPoint                       0x080013e3   Thumb Code   980  lcd.o(.text)
    LCD_Display_Dir                          0x080017b7   Thumb Code   420  lcd.o(.text)
    LCD_Set_Window                           0x0800195b   Thumb Code  1212  lcd.o(.text)
    LCD_Clear                                0x08001e17   Thumb Code   164  lcd.o(.text)
    LCD_Init                                 0x08001ebb   Thumb Code 14876  lcd.o(.text)
    LCD_Fill                                 0x080058d7   Thumb Code   226  lcd.o(.text)
    LCD_Color_Fill                           0x080059b9   Thumb Code   140  lcd.o(.text)
    LCD_DrawLine                             0x08005a45   Thumb Code   176  lcd.o(.text)
    LCD_DrawRectangle                        0x08005af5   Thumb Code    80  lcd.o(.text)
    LCD_Draw_Circle                          0x08005b45   Thumb Code   176  lcd.o(.text)
    LCD_ShowChar                             0x08005bf5   Thumb Code   272  lcd.o(.text)
    LCD_Pow                                  0x08005d05   Thumb Code    22  lcd.o(.text)
    LCD_ShowNum                              0x08005d1b   Thumb Code   148  lcd.o(.text)
    LCD_ShowxNum                             0x08005daf   Thumb Code   190  lcd.o(.text)
    LCD_ShowString                           0x08005e6d   Thumb Code   102  lcd.o(.text)
    NewDrawLine                              0x08005ed3   Thumb Code   172  lcd.o(.text)
    Draw_FullCircle                          0x08005f7f   Thumb Code   240  lcd.o(.text)
    ClockMaker                               0x0800606f   Thumb Code  6132  lcd.o(.text)
    ClockMention                             0x08007863   Thumb Code    86  lcd.o(.text)
    RTC_Get_Week                             0x08007915   Thumb Code   116  rtc.o(.text)
    Is_Leap_Year                             0x08007989   Thumb Code    58  rtc.o(.text)
    RTC_Get                                  0x080079c3   Thumb Code   240  rtc.o(.text)
    RTC_Set                                  0x08007ab3   Thumb Code   188  rtc.o(.text)
    RTC_Init                                 0x08007b6f   Thumb Code   190  rtc.o(.text)
    RTC_IRQHandler                           0x08007c2d   Thumb Code    40  rtc.o(.text)
    EXTIX_Init                               0x08007c71   Thumb Code   214  exti.o(.text)
    EXTI0_IRQHandler                         0x08007d47   Thumb Code   944  exti.o(.text)
    EXTI9_5_IRQHandler                       0x080080f7   Thumb Code   874  exti.o(.text)
    EXTI15_10_IRQHandler                     0x08008461   Thumb Code   868  exti.o(.text)
    KEY_Init                                 0x080087cd   Thumb Code    82  key.o(.text)
    KEY_Scan                                 0x0800881f   Thumb Code   154  key.o(.text)
    delay_init                               0x080088c9   Thumb Code    50  delay.o(.text)
    delay_us                                 0x080088fb   Thumb Code    72  delay.o(.text)
    delay_ms                                 0x08008943   Thumb Code    72  delay.o(.text)
    NVIC_Configuration                       0x0800899d   Thumb Code    12  sys.o(.text)
    _sys_exit                                0x080089a9   Thumb Code     6  usart.o(.text)
    fputc                                    0x080089af   Thumb Code    24  usart.o(.text)
    uart_init                                0x080089c7   Thumb Code   158  usart.o(.text)
    USART1_IRQHandler                        0x08008a65   Thumb Code   122  usart.o(.text)
    Reset_Handler                            0x08008af1   Thumb Code     8  startup_stm32f10x_hd.o(.text)
    ADC1_2_IRQHandler                        0x08008b0b   Thumb Code     0  startup_stm32f10x_hd.o(.text)
    ADC3_IRQHandler                          0x08008b0b   Thumb Code     0  startup_stm32f10x_hd.o(.text)
    CAN1_RX1_IRQHandler                      0x08008b0b   Thumb Code     0  startup_stm32f10x_hd.o(.text)
    CAN1_SCE_IRQHandler                      0x08008b0b   Thumb Code     0  startup_stm32f10x_hd.o(.text)
    DMA1_Channel1_IRQHandler                 0x08008b0b   Thumb Code     0  startup_stm32f10x_hd.o(.text)
    DMA1_Channel2_IRQHandler                 0x08008b0b   Thumb Code     0  startup_stm32f10x_hd.o(.text)
    DMA1_Channel3_IRQHandler                 0x08008b0b   Thumb Code     0  startup_stm32f10x_hd.o(.text)
    DMA1_Channel4_IRQHandler                 0x08008b0b   Thumb Code     0  startup_stm32f10x_hd.o(.text)
    DMA1_Channel5_IRQHandler                 0x08008b0b   Thumb Code     0  startup_stm32f10x_hd.o(.text)
    DMA1_Channel6_IRQHandler                 0x08008b0b   Thumb Code     0  startup_stm32f10x_hd.o(.text)
    DMA1_Channel7_IRQHandler                 0x08008b0b   Thumb Code     0  startup_stm32f10x_hd.o(.text)
    DMA2_Channel1_IRQHandler                 0x08008b0b   Thumb Code     0  startup_stm32f10x_hd.o(.text)
    DMA2_Channel2_IRQHandler                 0x08008b0b   Thumb Code     0  startup_stm32f10x_hd.o(.text)
    DMA2_Channel3_IRQHandler                 0x08008b0b   Thumb Code     0  startup_stm32f10x_hd.o(.text)
    DMA2_Channel4_5_IRQHandler               0x08008b0b   Thumb Code     0  startup_stm32f10x_hd.o(.text)
    EXTI1_IRQHandler                         0x08008b0b   Thumb Code     0  startup_stm32f10x_hd.o(.text)
    EXTI2_IRQHandler                         0x08008b0b   Thumb Code     0  startup_stm32f10x_hd.o(.text)
    EXTI3_IRQHandler                         0x08008b0b   Thumb Code     0  startup_stm32f10x_hd.o(.text)
    EXTI4_IRQHandler                         0x08008b0b   Thumb Code     0  startup_stm32f10x_hd.o(.text)
    FLASH_IRQHandler                         0x08008b0b   Thumb Code     0  startup_stm32f10x_hd.o(.text)
    FSMC_IRQHandler                          0x08008b0b   Thumb Code     0  startup_stm32f10x_hd.o(.text)
    I2C1_ER_IRQHandler                       0x08008b0b   Thumb Code     0  startup_stm32f10x_hd.o(.text)
    I2C1_EV_IRQHandler                       0x08008b0b   Thumb Code     0  startup_stm32f10x_hd.o(.text)
    I2C2_ER_IRQHandler                       0x08008b0b   Thumb Code     0  startup_stm32f10x_hd.o(.text)
    I2C2_EV_IRQHandler                       0x08008b0b   Thumb Code     0  startup_stm32f10x_hd.o(.text)
    PVD_IRQHandler                           0x08008b0b   Thumb Code     0  startup_stm32f10x_hd.o(.text)
    RCC_IRQHandler                           0x08008b0b   Thumb Code     0  startup_stm32f10x_hd.o(.text)
    RTCAlarm_IRQHandler                      0x08008b0b   Thumb Code     0  startup_stm32f10x_hd.o(.text)
    SDIO_IRQHandler                          0x08008b0b   Thumb Code     0  startup_stm32f10x_hd.o(.text)
    SPI1_IRQHandler                          0x08008b0b   Thumb Code     0  startup_stm32f10x_hd.o(.text)
    SPI2_IRQHandler                          0x08008b0b   Thumb Code     0  startup_stm32f10x_hd.o(.text)
    SPI3_IRQHandler                          0x08008b0b   Thumb Code     0  startup_stm32f10x_hd.o(.text)
    TAMPER_IRQHandler                        0x08008b0b   Thumb Code     0  startup_stm32f10x_hd.o(.text)
    TIM1_BRK_IRQHandler                      0x08008b0b   Thumb Code     0  startup_stm32f10x_hd.o(.text)
    TIM1_CC_IRQHandler                       0x08008b0b   Thumb Code     0  startup_stm32f10x_hd.o(.text)
    TIM1_TRG_COM_IRQHandler                  0x08008b0b   Thumb Code     0  startup_stm32f10x_hd.o(.text)
    TIM1_UP_IRQHandler                       0x08008b0b   Thumb Code     0  startup_stm32f10x_hd.o(.text)
    TIM2_IRQHandler                          0x08008b0b   Thumb Code     0  startup_stm32f10x_hd.o(.text)
    TIM3_IRQHandler                          0x08008b0b   Thumb Code     0  startup_stm32f10x_hd.o(.text)
    TIM5_IRQHandler                          0x08008b0b   Thumb Code     0  startup_stm32f10x_hd.o(.text)
    TIM6_IRQHandler                          0x08008b0b   Thumb Code     0  startup_stm32f10x_hd.o(.text)
    TIM7_IRQHandler                          0x08008b0b   Thumb Code     0  startup_stm32f10x_hd.o(.text)
    TIM8_BRK_IRQHandler                      0x08008b0b   Thumb Code     0  startup_stm32f10x_hd.o(.text)
    TIM8_CC_IRQHandler                       0x08008b0b   Thumb Code     0  startup_stm32f10x_hd.o(.text)
    TIM8_TRG_COM_IRQHandler                  0x08008b0b   Thumb Code     0  startup_stm32f10x_hd.o(.text)
    TIM8_UP_IRQHandler                       0x08008b0b   Thumb Code     0  startup_stm32f10x_hd.o(.text)
    UART4_IRQHandler                         0x08008b0b   Thumb Code     0  startup_stm32f10x_hd.o(.text)
    UART5_IRQHandler                         0x08008b0b   Thumb Code     0  startup_stm32f10x_hd.o(.text)
    USART2_IRQHandler                        0x08008b0b   Thumb Code     0  startup_stm32f10x_hd.o(.text)
    USART3_IRQHandler                        0x08008b0b   Thumb Code     0  startup_stm32f10x_hd.o(.text)
    USBWakeUp_IRQHandler                     0x08008b0b   Thumb Code     0  startup_stm32f10x_hd.o(.text)
    USB_HP_CAN1_TX_IRQHandler                0x08008b0b   Thumb Code     0  startup_stm32f10x_hd.o(.text)
    USB_LP_CAN1_RX0_IRQHandler               0x08008b0b   Thumb Code     0  startup_stm32f10x_hd.o(.text)
    WWDG_IRQHandler                          0x08008b0b   Thumb Code     0  startup_stm32f10x_hd.o(.text)
    __user_initial_stackheap                 0x08008b0d   Thumb Code     0  startup_stm32f10x_hd.o(.text)
    GPIO_DeInit                              0x08008b31   Thumb Code   172  stm32f10x_gpio.o(.text)
    GPIO_AFIODeInit                          0x08008bdd   Thumb Code    20  stm32f10x_gpio.o(.text)
    GPIO_Init                                0x08008bf1   Thumb Code   278  stm32f10x_gpio.o(.text)
    GPIO_StructInit                          0x08008d07   Thumb Code    16  stm32f10x_gpio.o(.text)
    GPIO_ReadInputDataBit                    0x08008d17   Thumb Code    18  stm32f10x_gpio.o(.text)
    GPIO_ReadInputData                       0x08008d29   Thumb Code     8  stm32f10x_gpio.o(.text)
    GPIO_ReadOutputDataBit                   0x08008d31   Thumb Code    18  stm32f10x_gpio.o(.text)
    GPIO_ReadOutputData                      0x08008d43   Thumb Code     8  stm32f10x_gpio.o(.text)
    GPIO_SetBits                             0x08008d4b   Thumb Code     4  stm32f10x_gpio.o(.text)
    GPIO_ResetBits                           0x08008d4f   Thumb Code     4  stm32f10x_gpio.o(.text)
    GPIO_WriteBit                            0x08008d53   Thumb Code    10  stm32f10x_gpio.o(.text)
    GPIO_Write                               0x08008d5d   Thumb Code     4  stm32f10x_gpio.o(.text)
    GPIO_PinLockConfig                       0x08008d61   Thumb Code    18  stm32f10x_gpio.o(.text)
    GPIO_EventOutputConfig                   0x08008d73   Thumb Code    26  stm32f10x_gpio.o(.text)
    GPIO_EventOutputCmd                      0x08008d8d   Thumb Code     6  stm32f10x_gpio.o(.text)
    GPIO_PinRemapConfig                      0x08008d93   Thumb Code   138  stm32f10x_gpio.o(.text)
    GPIO_EXTILineConfig                      0x08008e1d   Thumb Code    66  stm32f10x_gpio.o(.text)
    GPIO_ETH_MediaInterfaceConfig            0x08008e5f   Thumb Code     8  stm32f10x_gpio.o(.text)
    RCC_DeInit                               0x08008e8d   Thumb Code    64  stm32f10x_rcc.o(.text)
    RCC_HSEConfig                            0x08008ecd   Thumb Code    70  stm32f10x_rcc.o(.text)
    RCC_GetFlagStatus                        0x08008f13   Thumb Code    56  stm32f10x_rcc.o(.text)
    RCC_WaitForHSEStartUp                    0x08008f4b   Thumb Code    56  stm32f10x_rcc.o(.text)
    RCC_AdjustHSICalibrationValue            0x08008f83   Thumb Code    20  stm32f10x_rcc.o(.text)
    RCC_HSICmd                               0x08008f97   Thumb Code     6  stm32f10x_rcc.o(.text)
    RCC_PLLConfig                            0x08008f9d   Thumb Code    24  stm32f10x_rcc.o(.text)
    RCC_PLLCmd                               0x08008fb5   Thumb Code     6  stm32f10x_rcc.o(.text)
    RCC_SYSCLKConfig                         0x08008fbb   Thumb Code    18  stm32f10x_rcc.o(.text)
    RCC_GetSYSCLKSource                      0x08008fcd   Thumb Code    10  stm32f10x_rcc.o(.text)
    RCC_HCLKConfig                           0x08008fd7   Thumb Code    18  stm32f10x_rcc.o(.text)
    RCC_PCLK1Config                          0x08008fe9   Thumb Code    18  stm32f10x_rcc.o(.text)
    RCC_PCLK2Config                          0x08008ffb   Thumb Code    20  stm32f10x_rcc.o(.text)
    RCC_ITConfig                             0x0800900f   Thumb Code    26  stm32f10x_rcc.o(.text)
    RCC_USBCLKConfig                         0x08009029   Thumb Code     8  stm32f10x_rcc.o(.text)
    RCC_ADCCLKConfig                         0x08009031   Thumb Code    18  stm32f10x_rcc.o(.text)
    RCC_LSEConfig                            0x08009043   Thumb Code    50  stm32f10x_rcc.o(.text)
    RCC_LSICmd                               0x08009075   Thumb Code     6  stm32f10x_rcc.o(.text)
    RCC_RTCCLKConfig                         0x0800907b   Thumb Code    12  stm32f10x_rcc.o(.text)
    RCC_RTCCLKCmd                            0x08009087   Thumb Code     8  stm32f10x_rcc.o(.text)
    RCC_GetClocksFreq                        0x0800908f   Thumb Code   192  stm32f10x_rcc.o(.text)
    RCC_AHBPeriphClockCmd                    0x0800914f   Thumb Code    26  stm32f10x_rcc.o(.text)
    RCC_APB2PeriphClockCmd                   0x08009169   Thumb Code    26  stm32f10x_rcc.o(.text)
    RCC_APB1PeriphClockCmd                   0x08009183   Thumb Code    26  stm32f10x_rcc.o(.text)
    RCC_APB2PeriphResetCmd                   0x0800919d   Thumb Code    26  stm32f10x_rcc.o(.text)
    RCC_APB1PeriphResetCmd                   0x080091b7   Thumb Code    26  stm32f10x_rcc.o(.text)
    RCC_BackupResetCmd                       0x080091d1   Thumb Code     8  stm32f10x_rcc.o(.text)
    RCC_ClockSecuritySystemCmd               0x080091d9   Thumb Code     6  stm32f10x_rcc.o(.text)
    RCC_MCOConfig                            0x080091df   Thumb Code     6  stm32f10x_rcc.o(.text)
    RCC_ClearFlag                            0x080091e5   Thumb Code    14  stm32f10x_rcc.o(.text)
    RCC_GetITStatus                          0x080091f3   Thumb Code    20  stm32f10x_rcc.o(.text)
    RCC_ClearITPendingBit                    0x08009207   Thumb Code     6  stm32f10x_rcc.o(.text)
    USART_DeInit                             0x08009231   Thumb Code   134  stm32f10x_usart.o(.text)
    USART_Init                               0x080092b7   Thumb Code   210  stm32f10x_usart.o(.text)
    USART_StructInit                         0x08009389   Thumb Code    24  stm32f10x_usart.o(.text)
    USART_ClockInit                          0x080093a1   Thumb Code    34  stm32f10x_usart.o(.text)
    USART_ClockStructInit                    0x080093c3   Thumb Code    12  stm32f10x_usart.o(.text)
    USART_Cmd                                0x080093cf   Thumb Code    24  stm32f10x_usart.o(.text)
    USART_ITConfig                           0x080093e7   Thumb Code    74  stm32f10x_usart.o(.text)
    USART_DMACmd                             0x08009431   Thumb Code    18  stm32f10x_usart.o(.text)
    USART_SetAddress                         0x08009443   Thumb Code    18  stm32f10x_usart.o(.text)
    USART_WakeUpConfig                       0x08009455   Thumb Code    18  stm32f10x_usart.o(.text)
    USART_ReceiverWakeUpCmd                  0x08009467   Thumb Code    24  stm32f10x_usart.o(.text)
    USART_LINBreakDetectLengthConfig         0x0800947f   Thumb Code    18  stm32f10x_usart.o(.text)
    USART_LINCmd                             0x08009491   Thumb Code    24  stm32f10x_usart.o(.text)
    USART_SendData                           0x080094a9   Thumb Code     8  stm32f10x_usart.o(.text)
    USART_ReceiveData                        0x080094b1   Thumb Code    10  stm32f10x_usart.o(.text)
    USART_SendBreak                          0x080094bb   Thumb Code    10  stm32f10x_usart.o(.text)
    USART_SetGuardTime                       0x080094c5   Thumb Code    16  stm32f10x_usart.o(.text)
    USART_SetPrescaler                       0x080094d5   Thumb Code    16  stm32f10x_usart.o(.text)
    USART_SmartCardCmd                       0x080094e5   Thumb Code    24  stm32f10x_usart.o(.text)
    USART_SmartCardNACKCmd                   0x080094fd   Thumb Code    24  stm32f10x_usart.o(.text)
    USART_HalfDuplexCmd                      0x08009515   Thumb Code    24  stm32f10x_usart.o(.text)
    USART_OverSampling8Cmd                   0x0800952d   Thumb Code    22  stm32f10x_usart.o(.text)
    USART_OneBitMethodCmd                    0x08009543   Thumb Code    24  stm32f10x_usart.o(.text)
    USART_IrDAConfig                         0x0800955b   Thumb Code    18  stm32f10x_usart.o(.text)
    USART_IrDACmd                            0x0800956d   Thumb Code    24  stm32f10x_usart.o(.text)
    USART_GetFlagStatus                      0x08009585   Thumb Code    26  stm32f10x_usart.o(.text)
    USART_ClearFlag                          0x0800959f   Thumb Code    18  stm32f10x_usart.o(.text)
    USART_GetITStatus                        0x080095b1   Thumb Code    84  stm32f10x_usart.o(.text)
    USART_ClearITPendingBit                  0x08009605   Thumb Code    52  stm32f10x_usart.o(.text)
    NVIC_PriorityGroupConfig                 0x08009639   Thumb Code    10  misc.o(.text)
    NVIC_Init                                0x08009643   Thumb Code   100  misc.o(.text)
    NVIC_SetVectorTable                      0x080096a7   Thumb Code    14  misc.o(.text)
    NVIC_SystemLPConfig                      0x080096b5   Thumb Code    34  misc.o(.text)
    SysTick_CLKSourceConfig                  0x080096d7   Thumb Code    40  misc.o(.text)
    TIM_DeInit                               0x08009715   Thumb Code   424  stm32f10x_tim.o(.text)
    TIM_TimeBaseInit                         0x080098bd   Thumb Code   122  stm32f10x_tim.o(.text)
    TIM_OC1Init                              0x08009937   Thumb Code   132  stm32f10x_tim.o(.text)
    TIM_OC2Init                              0x080099bb   Thumb Code   154  stm32f10x_tim.o(.text)
    TIM_OC3Init                              0x08009a55   Thumb Code   150  stm32f10x_tim.o(.text)
    TIM_OC4Init                              0x08009aeb   Thumb Code   182  stm32f10x_tim.o(.text)
    TIM_SetIC4Prescaler                      0x08009ba1   Thumb Code    26  stm32f10x_tim.o(.text)
    TIM_SetIC3Prescaler                      0x08009c3d   Thumb Code    18  stm32f10x_tim.o(.text)
    TIM_SetIC2Prescaler                      0x08009cc9   Thumb Code    26  stm32f10x_tim.o(.text)
    TIM_SetIC1Prescaler                      0x08009d65   Thumb Code    18  stm32f10x_tim.o(.text)
    TIM_ICInit                               0x08009de3   Thumb Code   150  stm32f10x_tim.o(.text)
    TIM_PWMIConfig                           0x08009e79   Thumb Code   124  stm32f10x_tim.o(.text)
    TIM_BDTRConfig                           0x08009ef5   Thumb Code    32  stm32f10x_tim.o(.text)
    TIM_TimeBaseStructInit                   0x08009f15   Thumb Code    18  stm32f10x_tim.o(.text)
    TIM_OCStructInit                         0x08009f27   Thumb Code    20  stm32f10x_tim.o(.text)
    TIM_ICStructInit                         0x08009f3b   Thumb Code    18  stm32f10x_tim.o(.text)
    TIM_BDTRStructInit                       0x08009f4d   Thumb Code    40  stm32f10x_tim.o(.text)
    TIM_Cmd                                  0x08009f75   Thumb Code    24  stm32f10x_tim.o(.text)
    TIM_CtrlPWMOutputs                       0x08009f8d   Thumb Code    30  stm32f10x_tim.o(.text)
    TIM_ITConfig                             0x08009fab   Thumb Code    18  stm32f10x_tim.o(.text)
    TIM_GenerateEvent                        0x08009fbd   Thumb Code     4  stm32f10x_tim.o(.text)
    TIM_DMAConfig                            0x08009fc1   Thumb Code    10  stm32f10x_tim.o(.text)
    TIM_DMACmd                               0x08009fcb   Thumb Code    18  stm32f10x_tim.o(.text)
    TIM_InternalClockConfig                  0x08009fdd   Thumb Code    12  stm32f10x_tim.o(.text)
    TIM_SelectInputTrigger                   0x08009fe9   Thumb Code    18  stm32f10x_tim.o(.text)
    TIM_ITRxExternalClockConfig              0x08009ffb   Thumb Code    24  stm32f10x_tim.o(.text)
    TIM_TIxExternalClockConfig               0x0800a013   Thumb Code    62  stm32f10x_tim.o(.text)
    TIM_ETRConfig                            0x0800a051   Thumb Code    28  stm32f10x_tim.o(.text)
    TIM_ETRClockMode1Config                  0x0800a06d   Thumb Code    54  stm32f10x_tim.o(.text)
    TIM_ETRClockMode2Config                  0x0800a0a3   Thumb Code    32  stm32f10x_tim.o(.text)
    TIM_PrescalerConfig                      0x0800a0c3   Thumb Code     6  stm32f10x_tim.o(.text)
    TIM_CounterModeConfig                    0x0800a0c9   Thumb Code    18  stm32f10x_tim.o(.text)
    TIM_EncoderInterfaceConfig               0x0800a0db   Thumb Code    66  stm32f10x_tim.o(.text)
    TIM_ForcedOC1Config                      0x0800a11d   Thumb Code    18  stm32f10x_tim.o(.text)
    TIM_ForcedOC2Config                      0x0800a12f   Thumb Code    26  stm32f10x_tim.o(.text)
    TIM_ForcedOC3Config                      0x0800a149   Thumb Code    18  stm32f10x_tim.o(.text)
    TIM_ForcedOC4Config                      0x0800a15b   Thumb Code    26  stm32f10x_tim.o(.text)
    TIM_ARRPreloadConfig                     0x0800a175   Thumb Code    24  stm32f10x_tim.o(.text)
    TIM_SelectCOM                            0x0800a18d   Thumb Code    24  stm32f10x_tim.o(.text)
    TIM_SelectCCDMA                          0x0800a1a5   Thumb Code    24  stm32f10x_tim.o(.text)
    TIM_CCPreloadControl                     0x0800a1bd   Thumb Code    24  stm32f10x_tim.o(.text)
    TIM_OC1PreloadConfig                     0x0800a1d5   Thumb Code    18  stm32f10x_tim.o(.text)
    TIM_OC2PreloadConfig                     0x0800a1e7   Thumb Code    26  stm32f10x_tim.o(.text)
    TIM_OC3PreloadConfig                     0x0800a201   Thumb Code    18  stm32f10x_tim.o(.text)
    TIM_OC4PreloadConfig                     0x0800a213   Thumb Code    26  stm32f10x_tim.o(.text)
    TIM_OC1FastConfig                        0x0800a22d   Thumb Code    18  stm32f10x_tim.o(.text)
    TIM_OC2FastConfig                        0x0800a23f   Thumb Code    26  stm32f10x_tim.o(.text)
    TIM_OC3FastConfig                        0x0800a259   Thumb Code    18  stm32f10x_tim.o(.text)
    TIM_OC4FastConfig                        0x0800a26b   Thumb Code    26  stm32f10x_tim.o(.text)
    TIM_ClearOC1Ref                          0x0800a285   Thumb Code    18  stm32f10x_tim.o(.text)
    TIM_ClearOC2Ref                          0x0800a297   Thumb Code    24  stm32f10x_tim.o(.text)
    TIM_ClearOC3Ref                          0x0800a2af   Thumb Code    18  stm32f10x_tim.o(.text)
    TIM_ClearOC4Ref                          0x0800a2c1   Thumb Code    24  stm32f10x_tim.o(.text)
    TIM_OC1PolarityConfig                    0x0800a2d9   Thumb Code    18  stm32f10x_tim.o(.text)
    TIM_OC1NPolarityConfig                   0x0800a2eb   Thumb Code    18  stm32f10x_tim.o(.text)
    TIM_OC2PolarityConfig                    0x0800a2fd   Thumb Code    26  stm32f10x_tim.o(.text)
    TIM_OC2NPolarityConfig                   0x0800a317   Thumb Code    26  stm32f10x_tim.o(.text)
    TIM_OC3PolarityConfig                    0x0800a331   Thumb Code    26  stm32f10x_tim.o(.text)
    TIM_OC3NPolarityConfig                   0x0800a34b   Thumb Code    26  stm32f10x_tim.o(.text)
    TIM_OC4PolarityConfig                    0x0800a365   Thumb Code    26  stm32f10x_tim.o(.text)
    TIM_CCxCmd                               0x0800a37f   Thumb Code    30  stm32f10x_tim.o(.text)
    TIM_CCxNCmd                              0x0800a39d   Thumb Code    30  stm32f10x_tim.o(.text)
    TIM_SelectOCxM                           0x0800a3bb   Thumb Code    82  stm32f10x_tim.o(.text)
    TIM_UpdateDisableConfig                  0x0800a40d   Thumb Code    24  stm32f10x_tim.o(.text)
    TIM_UpdateRequestConfig                  0x0800a425   Thumb Code    24  stm32f10x_tim.o(.text)
    TIM_SelectHallSensor                     0x0800a43d   Thumb Code    24  stm32f10x_tim.o(.text)
    TIM_SelectOnePulseMode                   0x0800a455   Thumb Code    18  stm32f10x_tim.o(.text)
    TIM_SelectOutputTrigger                  0x0800a467   Thumb Code    18  stm32f10x_tim.o(.text)
    TIM_SelectSlaveMode                      0x0800a479   Thumb Code    18  stm32f10x_tim.o(.text)
    TIM_SelectMasterSlaveMode                0x0800a48b   Thumb Code    18  stm32f10x_tim.o(.text)
    TIM_SetCounter                           0x0800a49d   Thumb Code     4  stm32f10x_tim.o(.text)
    TIM_SetAutoreload                        0x0800a4a1   Thumb Code     4  stm32f10x_tim.o(.text)
    TIM_SetCompare1                          0x0800a4a5   Thumb Code     4  stm32f10x_tim.o(.text)
    TIM_SetCompare2                          0x0800a4a9   Thumb Code     4  stm32f10x_tim.o(.text)
    TIM_SetCompare3                          0x0800a4ad   Thumb Code     4  stm32f10x_tim.o(.text)
    TIM_SetCompare4                          0x0800a4b1   Thumb Code     6  stm32f10x_tim.o(.text)
    TIM_SetClockDivision                     0x0800a4b7   Thumb Code    18  stm32f10x_tim.o(.text)
    TIM_GetCapture1                          0x0800a4c9   Thumb Code     6  stm32f10x_tim.o(.text)
    TIM_GetCapture2                          0x0800a4cf   Thumb Code     6  stm32f10x_tim.o(.text)
    TIM_GetCapture3                          0x0800a4d5   Thumb Code     6  stm32f10x_tim.o(.text)
    TIM_GetCapture4                          0x0800a4db   Thumb Code     8  stm32f10x_tim.o(.text)
    TIM_GetCounter                           0x0800a4e3   Thumb Code     6  stm32f10x_tim.o(.text)
    TIM_GetPrescaler                         0x0800a4e9   Thumb Code     6  stm32f10x_tim.o(.text)
    TIM_GetFlagStatus                        0x0800a4ef   Thumb Code    18  stm32f10x_tim.o(.text)
    TIM_ClearFlag                            0x0800a501   Thumb Code     6  stm32f10x_tim.o(.text)
    TIM_GetITStatus                          0x0800a507   Thumb Code    34  stm32f10x_tim.o(.text)
    TIM_ClearITPendingBit                    0x0800a529   Thumb Code     6  stm32f10x_tim.o(.text)
    RTC_ITConfig                             0x0800a531   Thumb Code    26  stm32f10x_rtc.o(.text)
    RTC_EnterConfigMode                      0x0800a54b   Thumb Code    18  stm32f10x_rtc.o(.text)
    RTC_ExitConfigMode                       0x0800a55d   Thumb Code    20  stm32f10x_rtc.o(.text)
    RTC_GetCounter                           0x0800a571   Thumb Code    18  stm32f10x_rtc.o(.text)
    RTC_SetCounter                           0x0800a583   Thumb Code    26  stm32f10x_rtc.o(.text)
    RTC_SetPrescaler                         0x0800a59d   Thumb Code    28  stm32f10x_rtc.o(.text)
    RTC_SetAlarm                             0x0800a5b9   Thumb Code    26  stm32f10x_rtc.o(.text)
    RTC_GetDivider                           0x0800a5d3   Thumb Code    22  stm32f10x_rtc.o(.text)
    RTC_WaitForLastTask                      0x0800a5e9   Thumb Code    18  stm32f10x_rtc.o(.text)
    RTC_WaitForSynchro                       0x0800a5fb   Thumb Code    36  stm32f10x_rtc.o(.text)
    RTC_GetFlagStatus                        0x0800a61f   Thumb Code    22  stm32f10x_rtc.o(.text)
    RTC_ClearFlag                            0x0800a635   Thumb Code    16  stm32f10x_rtc.o(.text)
    RTC_GetITStatus                          0x0800a645   Thumb Code    32  stm32f10x_rtc.o(.text)
    RTC_ClearITPendingBit                    0x0800a665   Thumb Code    16  stm32f10x_rtc.o(.text)
    BKP_DeInit                               0x0800a679   Thumb Code    16  stm32f10x_bkp.o(.text)
    BKP_TamperPinLevelConfig                 0x0800a689   Thumb Code     6  stm32f10x_bkp.o(.text)
    BKP_TamperPinCmd                         0x0800a68f   Thumb Code     8  stm32f10x_bkp.o(.text)
    BKP_ITConfig                             0x0800a697   Thumb Code     8  stm32f10x_bkp.o(.text)
    BKP_RTCOutputConfig                      0x0800a69f   Thumb Code    22  stm32f10x_bkp.o(.text)
    BKP_SetRTCCalibrationValue               0x0800a6b5   Thumb Code    22  stm32f10x_bkp.o(.text)
    BKP_WriteBackupRegister                  0x0800a6cb   Thumb Code    24  stm32f10x_bkp.o(.text)
    BKP_ReadBackupRegister                   0x0800a6e3   Thumb Code    26  stm32f10x_bkp.o(.text)
    BKP_GetFlagStatus                        0x0800a6fd   Thumb Code    10  stm32f10x_bkp.o(.text)
    BKP_ClearFlag                            0x0800a707   Thumb Code    18  stm32f10x_bkp.o(.text)
    BKP_GetITStatus                          0x0800a719   Thumb Code    10  stm32f10x_bkp.o(.text)
    BKP_ClearITPendingBit                    0x0800a723   Thumb Code    18  stm32f10x_bkp.o(.text)
    PWR_DeInit                               0x0800a73d   Thumb Code    22  stm32f10x_pwr.o(.text)
    PWR_BackupAccessCmd                      0x0800a753   Thumb Code     6  stm32f10x_pwr.o(.text)
    PWR_PVDCmd                               0x0800a759   Thumb Code     6  stm32f10x_pwr.o(.text)
    PWR_PVDLevelConfig                       0x0800a75f   Thumb Code    18  stm32f10x_pwr.o(.text)
    PWR_WakeUpPinCmd                         0x0800a771   Thumb Code     8  stm32f10x_pwr.o(.text)
    PWR_EnterSTOPMode                        0x0800a779   Thumb Code    54  stm32f10x_pwr.o(.text)
    PWR_EnterSTANDBYMode                     0x0800a7af   Thumb Code    42  stm32f10x_pwr.o(.text)
    PWR_GetFlagStatus                        0x0800a7d9   Thumb Code    20  stm32f10x_pwr.o(.text)
    PWR_ClearFlag                            0x0800a7ed   Thumb Code    14  stm32f10x_pwr.o(.text)
    EXTI_DeInit                              0x0800a809   Thumb Code    28  stm32f10x_exti.o(.text)
    EXTI_Init                                0x0800a825   Thumb Code   142  stm32f10x_exti.o(.text)
    EXTI_StructInit                          0x0800a8b3   Thumb Code    16  stm32f10x_exti.o(.text)
    EXTI_GenerateSWInterrupt                 0x0800a8c3   Thumb Code    16  stm32f10x_exti.o(.text)
    EXTI_GetFlagStatus                       0x0800a8d3   Thumb Code    22  stm32f10x_exti.o(.text)
    EXTI_ClearFlag                           0x0800a8e9   Thumb Code     8  stm32f10x_exti.o(.text)
    EXTI_GetITStatus                         0x0800a8f1   Thumb Code    34  stm32f10x_exti.o(.text)
    EXTI_ClearITPendingBit                   0x0800a913   Thumb Code     8  stm32f10x_exti.o(.text)
    usmart_sys_cmd_exe                       0x0800a925   Thumb Code  1554  usmart.o(.text)
    usmart_reset_runtime                     0x0800af37   Thumb Code    38  usmart.o(.text)
    usmart_get_runtime                       0x0800af5d   Thumb Code    56  usmart.o(.text)
    TIM4_IRQHandler                          0x0800af95   Thumb Code    50  usmart.o(.text)
    Timer4_Init                              0x0800afc7   Thumb Code    94  usmart.o(.text)
    usmart_init                              0x0800b025   Thumb Code    36  usmart.o(.text)
    usmart_cmd_rec                           0x0800b049   Thumb Code   170  usmart.o(.text)
    usmart_exe                               0x0800b0f3   Thumb Code   872  usmart.o(.text)
    usmart_scan                              0x0800b45b   Thumb Code   120  usmart.o(.text)
    read_addr                                0x0800b4d3   Thumb Code     6  usmart.o(.text)
    write_addr                               0x0800b4d9   Thumb Code     4  usmart.o(.text)
    usmart_strcmp                            0x0800b565   Thumb Code    34  usmart_str.o(.text)
    usmart_strcopy                           0x0800b587   Thumb Code    22  usmart_str.o(.text)
    usmart_strlen                            0x0800b59d   Thumb Code    24  usmart_str.o(.text)
    usmart_pow                               0x0800b5b5   Thumb Code    22  usmart_str.o(.text)
    usmart_str2num                           0x0800b5cb   Thumb Code   202  usmart_str.o(.text)
    usmart_get_cmdname                       0x0800b695   Thumb Code    54  usmart_str.o(.text)
    usmart_search_nextc                      0x0800b6cb   Thumb Code    22  usmart_str.o(.text)
    usmart_get_fname                         0x0800b6e1   Thumb Code   440  usmart_str.o(.text)
    usmart_get_aparm                         0x0800b899   Thumb Code   200  usmart_str.o(.text)
    usmart_get_parmpos                       0x0800b961   Thumb Code    26  usmart_str.o(.text)
    usmart_get_fparam                        0x0800b97b   Thumb Code   262  usmart_str.o(.text)
    image_getcolor                           0x0800ba8d   Thumb Code    30  image2lcd.o(.text)
    image_show                               0x0800baab   Thumb Code   186  image2lcd.o(.text)
    image_display                            0x0800bb65   Thumb Code    42  image2lcd.o(.text)
    __use_no_semihosting                     0x0800bb9d   Thumb Code     2  use_no_semi_2.o(.text)
    __2printf                                0x0800bba1   Thumb Code    20  noretval__2printf.o(.text)
    _printf_pre_padding                      0x0800bbb9   Thumb Code    44  _printf_pad.o(.text)
    _printf_post_padding                     0x0800bbe5   Thumb Code    34  _printf_pad.o(.text)
    _printf_str                              0x0800bc07   Thumb Code    82  _printf_str.o(.text)
    _printf_int_dec                          0x0800bc59   Thumb Code   104  _printf_dec.o(.text)
    _printf_int_hex                          0x0800bcd1   Thumb Code    84  _printf_hex_int.o(.text)
    _printf_longlong_hex                     0x0800bcd1   Thumb Code     0  _printf_hex_int.o(.text)
    __printf                                 0x0800bd29   Thumb Code   388  __printf_flags_ss_wp.o(.text)
    srand                                    0x0800beb1   Thumb Code    42  rand.o(.text)
    _rand_init                               0x0800bedb   Thumb Code     4  rand.o(.text)
    __use_two_region_memory                  0x0800beed   Thumb Code     2  heapauxi.o(.text)
    __rt_heap_escrow$2region                 0x0800beef   Thumb Code     2  heapauxi.o(.text)
    __rt_heap_expand$2region                 0x0800bef1   Thumb Code     2  heapauxi.o(.text)
    __I$use$semihosting                      0x0800bef3   Thumb Code     0  use_no_semi.o(.text)
    __use_no_semihosting_swi                 0x0800bef3   Thumb Code     2  use_no_semi.o(.text)
    __read_errno                             0x0800bef5   Thumb Code    10  _rserrno.o(.text)
    __set_errno                              0x0800beff   Thumb Code    12  _rserrno.o(.text)
    _printf_int_common                       0x0800bf0b   Thumb Code   178  _printf_intcommon.o(.text)
    _printf_cs_common                        0x0800bfbd   Thumb Code    20  _printf_char.o(.text)
    _printf_char                             0x0800bfd1   Thumb Code    16  _printf_char.o(.text)
    _printf_string                           0x0800bfe1   Thumb Code     8  _printf_char.o(.text)
    _printf_char_file                        0x0800bfe9   Thumb Code    32  _printf_char_file.o(.text)
    __aeabi_errno_addr                       0x0800c00d   Thumb Code     8  rt_errno_addr_intlibspace.o(.text)
    __errno$intlibspace                      0x0800c00d   Thumb Code     0  rt_errno_addr_intlibspace.o(.text)
    __rt_errno_addr$intlibspace              0x0800c00d   Thumb Code     0  rt_errno_addr_intlibspace.o(.text)
    _printf_char_common                      0x0800c01f   Thumb Code    32  _printf_char_common.o(.text)
    ferror                                   0x0800c045   Thumb Code     8  ferror.o(.text)
    __user_libspace                          0x0800c04d   Thumb Code     8  libspace.o(.text)
    __user_perproc_libspace                  0x0800c04d   Thumb Code     0  libspace.o(.text)
    __user_perthread_libspace                0x0800c04d   Thumb Code     0  libspace.o(.text)
    __user_setup_stackheap                   0x0800c055   Thumb Code    74  sys_stackheap_outer.o(.text)
    exit                                     0x0800c09f   Thumb Code    12  exit.o(.text)
    __ARM_fpclassify                         0x0800c0ab   Thumb Code    40  fpclassify.o(i.__ARM_fpclassify)
    __ieee754_rem_pio2                       0x0800c0d5   Thumb Code   828  rred.o(i.__ieee754_rem_pio2)
    __kernel_cos                             0x0800c45d   Thumb Code   230  cos_i.o(i.__kernel_cos)
    __kernel_poly                            0x0800c559   Thumb Code   170  poly.o(i.__kernel_poly)
    __kernel_sin                             0x0800c605   Thumb Code   224  sin_i.o(i.__kernel_sin)
    __mathlib_dbl_infnan                     0x0800c6f1   Thumb Code     6  dunder.o(i.__mathlib_dbl_infnan)
    __mathlib_dbl_invalid                    0x0800c6f7   Thumb Code    12  dunder.o(i.__mathlib_dbl_invalid)
    __mathlib_dbl_underflow                  0x0800c705   Thumb Code    10  dunder.o(i.__mathlib_dbl_underflow)
    _is_digit                                0x0800c715   Thumb Code    14  __printf_wp.o(i._is_digit)
    cos                                      0x0800c725   Thumb Code   148  cos.o(i.cos)
    sin                                      0x0800c7c1   Thumb Code   150  sin.o(i.sin)
    sqrt                                     0x0800c861   Thumb Code    76  sqrt.o(i.sqrt)
    __aeabi_dadd                             0x0800c8ad   Thumb Code     0  daddsub_clz.o(x$fpl$dadd)
    _dadd                                    0x0800c8ad   Thumb Code   332  daddsub_clz.o(x$fpl$dadd)
    __fpl_dcheck_NaN1                        0x0800c9fd   Thumb Code    10  dcheck1.o(x$fpl$dcheck1)
    __aeabi_ddiv                             0x0800ca0d   Thumb Code     0  ddiv.o(x$fpl$ddiv)
    _ddiv                                    0x0800ca0d   Thumb Code   552  ddiv.o(x$fpl$ddiv)
    __aeabi_d2iz                             0x0800ccbd   Thumb Code     0  dfix.o(x$fpl$dfix)
    _dfix                                    0x0800ccbd   Thumb Code    94  dfix.o(x$fpl$dfix)
    __aeabi_d2uiz                            0x0800cd1d   Thumb Code     0  dfixu.o(x$fpl$dfixu)
    _dfixu                                   0x0800cd1d   Thumb Code    90  dfixu.o(x$fpl$dfixu)
    __aeabi_i2d                              0x0800cd77   Thumb Code     0  dflt_clz.o(x$fpl$dflt)
    _dflt                                    0x0800cd77   Thumb Code    46  dflt_clz.o(x$fpl$dflt)
    __aeabi_ui2d                             0x0800cda5   Thumb Code     0  dflt_clz.o(x$fpl$dfltu)
    _dfltu                                   0x0800cda5   Thumb Code    38  dflt_clz.o(x$fpl$dfltu)
    __aeabi_dmul                             0x0800cdcd   Thumb Code     0  dmul.o(x$fpl$dmul)
    _dmul                                    0x0800cdcd   Thumb Code   332  dmul.o(x$fpl$dmul)
    __fpl_dnaninf                            0x0800cf21   Thumb Code   156  dnaninf.o(x$fpl$dnaninf)
    __fpl_dretinf                            0x0800cfbd   Thumb Code    12  dretinf.o(x$fpl$dretinf)
    __aeabi_drsub                            0x0800cfc9   Thumb Code     0  daddsub_clz.o(x$fpl$drsb)
    _drsb                                    0x0800cfc9   Thumb Code    22  daddsub_clz.o(x$fpl$drsb)
    _dsqrt                                   0x0800cfe1   Thumb Code   456  dsqrt_noumaal.o(x$fpl$dsqrt)
    __aeabi_dsub                             0x0800d1ad   Thumb Code     0  daddsub_clz.o(x$fpl$dsub)
    _dsub                                    0x0800d1ad   Thumb Code   464  daddsub_clz.o(x$fpl$dsub)
    __aeabi_f2d                              0x0800d381   Thumb Code     0  f2d.o(x$fpl$f2d)
    _f2d                                     0x0800d381   Thumb Code    86  f2d.o(x$fpl$f2d)
    __aeabi_fadd                             0x0800d3d9   Thumb Code     0  faddsub_clz.o(x$fpl$fadd)
    _fadd                                    0x0800d3d9   Thumb Code   196  faddsub_clz.o(x$fpl$fadd)
    __aeabi_fdiv                             0x0800d49d   Thumb Code     0  fdiv.o(x$fpl$fdiv)
    _fdiv                                    0x0800d49d   Thumb Code   384  fdiv.o(x$fpl$fdiv)
    __aeabi_i2f                              0x0800d621   Thumb Code     0  fflt_clz.o(x$fpl$fflt)
    _fflt                                    0x0800d621   Thumb Code    48  fflt_clz.o(x$fpl$fflt)
    __aeabi_ui2f                             0x0800d651   Thumb Code     0  fflt_clz.o(x$fpl$ffltu)
    _ffltu                                   0x0800d651   Thumb Code    38  fflt_clz.o(x$fpl$ffltu)
    __aeabi_fmul                             0x0800d679   Thumb Code     0  fmul.o(x$fpl$fmul)
    _fmul                                    0x0800d679   Thumb Code   258  fmul.o(x$fpl$fmul)
    __fpl_fnaninf                            0x0800d77b   Thumb Code   140  fnaninf.o(x$fpl$fnaninf)
    __fpl_fretinf                            0x0800d807   Thumb Code    10  fretinf.o(x$fpl$fretinf)
    __aeabi_fsub                             0x0800d811   Thumb Code     0  faddsub_clz.o(x$fpl$fsub)
    _fsub                                    0x0800d811   Thumb Code   234  faddsub_clz.o(x$fpl$fsub)
    __fpl_return_NaN                         0x0800d8fb   Thumb Code   100  retnan.o(x$fpl$retnan)
    __ARM_scalbn                             0x0800d95f   Thumb Code    92  scalbn.o(x$fpl$scalbn)
    __fpl_cmpreturn                          0x0800d9bb   Thumb Code    48  trapv.o(x$fpl$trapveneer)
    __I$use$fp                               0x0800d9ea   Number         0  usenofp.o(x$fpl$usenofp)
    asc2_1206                                0x0800d9ea   Data        1140  lcd.o(.constdata)
    asc2_1608                                0x0800de5e   Data        1520  lcd.o(.constdata)
    asc2_2412                                0x0800e44e   Data        3420  lcd.o(.constdata)
    table_week                               0x0800f1aa   Data          12  rtc.o(.constdata)
    mon_table                                0x0800f1b6   Data          12  rtc.o(.constdata)
    gImage_image1                            0x0800f1c2   Data       148998  image1.o(.constdata)
    Region$$Table$$Base                      0x080339fc   Number         0  anon$$obj.o(Region$$Table)
    Region$$Table$$Limit                     0x08033a1c   Number         0  anon$$obj.o(Region$$Table)
    SystemCoreClock                          0x20000000   Data           4  system_stm32f10x.o(.data)
    AHBPrescTable                            0x20000004   Data          16  system_stm32f10x.o(.data)
    POINT_COLOR                              0x20000014   Data           2  lcd.o(.data)
    BACK_COLOR                               0x20000016   Data           2  lcd.o(.data)
    t1                                       0x20000018   Data           1  lcd.o(.data)
    x                                        0x20000019   Data           1  lcd.o(.data)
    i                                        0x2000001a   Data           1  lcd.o(.data)
    x1                                       0x2000001b   Data           1  lcd.o(.data)
    y1                                       0x2000001c   Data           1  lcd.o(.data)
    x_temp                                   0x2000001d   Data           1  lcd.o(.data)
    y_temp                                   0x2000001e   Data           1  lcd.o(.data)
    sec                                      0x2000001f   Data           1  lcd.o(.data)
    min                                      0x20000020   Data           1  lcd.o(.data)
    hour                                     0x20000021   Data           1  lcd.o(.data)
    x_temp1                                  0x20000022   Data           6  lcd.o(.data)
    y_temp1                                  0x20000028   Data           6  lcd.o(.data)
    temp1                                    0x2000002e   Data           6  lcd.o(.data)
    temp2                                    0x20000034   Data           6  lcd.o(.data)
    PI                                       0x2000003c   Data           4  lcd.o(.data)
    flage                                    0x20000044   Data           4  exti.o(.data)
    t                                        0x20000048   Data           4  exti.o(.data)
    __stdout                                 0x20000054   Data           4  usart.o(.data)
    USART_RX_STA                             0x20000058   Data           2  usart.o(.data)
    sys_cmd_tab                              0x20000070   Data          28  usmart.o(.data)
    usmart_nametab                           0x2000008c   Data          40  usmart_config.o(.data)
    usmart_dev                               0x200000b4   Data         244  usmart_config.o(.data)
    lcddev                                   0x200001a8   Data          14  lcd.o(.bss)
    calendar                                 0x200001b6   Data          10  rtc.o(.bss)
    USART_RX_BUF                             0x200001c0   Data         200  usart.o(.bss)
    _random_number_data                      0x20000288   Data         228  rand.o(.bss)
    __libspace_start                         0x2000036c   Data          96  libspace.o(.bss)
    __temporary_stack_top$libspace           0x200003cc   Data           0  libspace.o(.bss)



==============================================================================

Memory Map of the image

  Image Entry point : 0x08000131

  Load Region LR_IROM1 (Base: 0x08000000, Size: 0x00033bc4, Max: 0x00040000, ABSOLUTE, COMPRESSED[0x00033a90])

    Execution Region ER_IROM1 (Base: 0x08000000, Size: 0x00033a1c, Max: 0x00040000, ABSOLUTE)

    Base Addr    Size         Type   Attr      Idx    E Section Name        Object

    0x08000000   0x00000130   Data   RO          310    RESET               startup_stm32f10x_hd.o
    0x08000130   0x00000008   Code   RO          555  * !!!main             c_w.l(__main.o)
    0x08000138   0x00000034   Code   RO          858    !!!scatter          c_w.l(__scatter.o)
    0x0800016c   0x0000005a   Code   RO          856    !!dczerorl2         c_w.l(__dczerorl2.o)
    0x080001c6   0x00000002   PAD
    0x080001c8   0x0000001c   Code   RO          860    !!handler_zi        c_w.l(__scatter_zi.o)
    0x080001e4   0x00000000   Code   RO          547    .ARM.Collect$$_printf_percent$$00000000  c_w.l(_printf_percent.o)
    0x080001e4   0x00000006   Code   RO          545    .ARM.Collect$$_printf_percent$$00000009  c_w.l(_printf_d.o)
    0x080001ea   0x00000006   Code   RO          546    .ARM.Collect$$_printf_percent$$0000000A  c_w.l(_printf_u.o)
    0x080001f0   0x00000006   Code   RO          544    .ARM.Collect$$_printf_percent$$0000000C  c_w.l(_printf_x.o)
    0x080001f6   0x00000006   Code   RO          542    .ARM.Collect$$_printf_percent$$00000013  c_w.l(_printf_c.o)
    0x080001fc   0x00000006   Code   RO          543    .ARM.Collect$$_printf_percent$$00000014  c_w.l(_printf_s.o)
    0x08000202   0x00000004   Code   RO          624    .ARM.Collect$$_printf_percent$$00000017  c_w.l(_printf_percent_end.o)
    0x08000206   0x00000002   Code   RO          781    .ARM.Collect$$libinit$$00000000  c_w.l(libinit.o)
    0x08000208   0x00000000   Code   RO          626    .ARM.Collect$$libinit$$00000002  c_w.l(libinit2.o)
    0x08000208   0x00000000   Code   RO          628    .ARM.Collect$$libinit$$00000004  c_w.l(libinit2.o)
    0x08000208   0x00000000   Code   RO          631    .ARM.Collect$$libinit$$0000000A  c_w.l(libinit2.o)
    0x08000208   0x00000000   Code   RO          633    .ARM.Collect$$libinit$$0000000C  c_w.l(libinit2.o)
    0x08000208   0x00000004   Code   RO          634    .ARM.Collect$$libinit$$0000000D  c_w.l(libinit2.o)
    0x0800020c   0x00000000   Code   RO          635    .ARM.Collect$$libinit$$0000000E  c_w.l(libinit2.o)
    0x0800020c   0x00000000   Code   RO          638    .ARM.Collect$$libinit$$00000011  c_w.l(libinit2.o)
    0x0800020c   0x00000000   Code   RO          640    .ARM.Collect$$libinit$$00000013  c_w.l(libinit2.o)
    0x0800020c   0x00000000   Code   RO          642    .ARM.Collect$$libinit$$00000015  c_w.l(libinit2.o)
    0x0800020c   0x00000000   Code   RO          644    .ARM.Collect$$libinit$$00000017  c_w.l(libinit2.o)
    0x0800020c   0x00000000   Code   RO          646    .ARM.Collect$$libinit$$00000019  c_w.l(libinit2.o)
    0x0800020c   0x00000000   Code   RO          648    .ARM.Collect$$libinit$$0000001B  c_w.l(libinit2.o)
    0x0800020c   0x00000000   Code   RO          650    .ARM.Collect$$libinit$$0000001D  c_w.l(libinit2.o)
    0x0800020c   0x00000000   Code   RO          652    .ARM.Collect$$libinit$$0000001F  c_w.l(libinit2.o)
    0x0800020c   0x00000000   Code   RO          654    .ARM.Collect$$libinit$$00000021  c_w.l(libinit2.o)
    0x0800020c   0x00000000   Code   RO          656    .ARM.Collect$$libinit$$00000023  c_w.l(libinit2.o)
    0x0800020c   0x00000000   Code   RO          658    .ARM.Collect$$libinit$$00000025  c_w.l(libinit2.o)
    0x0800020c   0x00000000   Code   RO          662    .ARM.Collect$$libinit$$0000002C  c_w.l(libinit2.o)
    0x0800020c   0x00000000   Code   RO          664    .ARM.Collect$$libinit$$0000002E  c_w.l(libinit2.o)
    0x0800020c   0x00000000   Code   RO          666    .ARM.Collect$$libinit$$00000030  c_w.l(libinit2.o)
    0x0800020c   0x00000000   Code   RO          668    .ARM.Collect$$libinit$$00000032  c_w.l(libinit2.o)
    0x0800020c   0x00000002   Code   RO          669    .ARM.Collect$$libinit$$00000033  c_w.l(libinit2.o)
    0x0800020e   0x00000002   Code   RO          818    .ARM.Collect$$libshutdown$$00000000  c_w.l(libshutdown.o)
    0x08000210   0x00000000   Code   RO          825    .ARM.Collect$$libshutdown$$00000003  c_w.l(libshutdown2.o)
    0x08000210   0x00000000   Code   RO          828    .ARM.Collect$$libshutdown$$00000006  c_w.l(libshutdown2.o)
    0x08000210   0x00000000   Code   RO          831    .ARM.Collect$$libshutdown$$00000009  c_w.l(libshutdown2.o)
    0x08000210   0x00000000   Code   RO          833    .ARM.Collect$$libshutdown$$0000000B  c_w.l(libshutdown2.o)
    0x08000210   0x00000000   Code   RO          836    .ARM.Collect$$libshutdown$$0000000E  c_w.l(libshutdown2.o)
    0x08000210   0x00000002   Code   RO          837    .ARM.Collect$$libshutdown$$0000000F  c_w.l(libshutdown2.o)
    0x08000212   0x00000000   Code   RO          615    .ARM.Collect$$rtentry$$00000000  c_w.l(__rtentry.o)
    0x08000212   0x00000000   Code   RO          712    .ARM.Collect$$rtentry$$00000002  c_w.l(__rtentry2.o)
    0x08000212   0x00000006   Code   RO          724    .ARM.Collect$$rtentry$$00000004  c_w.l(__rtentry4.o)
    0x08000218   0x00000000   Code   RO          714    .ARM.Collect$$rtentry$$00000009  c_w.l(__rtentry2.o)
    0x08000218   0x00000004   Code   RO          715    .ARM.Collect$$rtentry$$0000000A  c_w.l(__rtentry2.o)
    0x0800021c   0x00000000   Code   RO          717    .ARM.Collect$$rtentry$$0000000C  c_w.l(__rtentry2.o)
    0x0800021c   0x00000008   Code   RO          718    .ARM.Collect$$rtentry$$0000000D  c_w.l(__rtentry2.o)
    0x08000224   0x00000002   Code   RO          786    .ARM.Collect$$rtexit$$00000000  c_w.l(rtexit.o)
    0x08000226   0x00000000   Code   RO          798    .ARM.Collect$$rtexit$$00000002  c_w.l(rtexit2.o)
    0x08000226   0x00000004   Code   RO          799    .ARM.Collect$$rtexit$$00000003  c_w.l(rtexit2.o)
    0x0800022a   0x00000006   Code   RO          800    .ARM.Collect$$rtexit$$00000004  c_w.l(rtexit2.o)
    0x08000230   0x00000034   Code   RO          548    .emb_text           c_w.l(rand.o)
    0x08000264   0x00000198   Code   RO            1    .text               main.o
    0x080003fc   0x0000001a   Code   RO          108    .text               stm32f10x_it.o
    0x08000416   0x00000002   PAD
    0x08000418   0x000001e0   Code   RO          140    .text               system_stm32f10x.o
    0x080005f8   0x00000050   Code   RO          158    .text               led.o
    0x08000648   0x000072ac   Code   RO          170    .text               lcd.o
    0x080078f4   0x0000037c   Code   RO          200    .text               rtc.o
    0x08007c70   0x00000b5c   Code   RO          220    .text               exti.o
    0x080087cc   0x000000fc   Code   RO          235    .text               key.o
    0x080088c8   0x000000d4   Code   RO          248    .text               delay.o
    0x0800899c   0x0000000c   Code   RO          262    .text               sys.o
    0x080089a8   0x00000148   Code   RO          274    .text               usart.o
    0x08008af0   0x00000040   Code   RO          311    .text               startup_stm32f10x_hd.o
    0x08008b30   0x0000035c   Code   RO          315    .text               stm32f10x_gpio.o
    0x08008e8c   0x000003a4   Code   RO          327    .text               stm32f10x_rcc.o
    0x08009230   0x00000408   Code   RO          341    .text               stm32f10x_usart.o
    0x08009638   0x000000dc   Code   RO          353    .text               misc.o
    0x08009714   0x00000e1a   Code   RO          365    .text               stm32f10x_tim.o
    0x0800a52e   0x00000002   PAD
    0x0800a530   0x00000148   Code   RO          377    .text               stm32f10x_rtc.o
    0x0800a678   0x000000c4   Code   RO          389    .text               stm32f10x_bkp.o
    0x0800a73c   0x000000cc   Code   RO          401    .text               stm32f10x_pwr.o
    0x0800a808   0x0000011c   Code   RO          413    .text               stm32f10x_exti.o
    0x0800a924   0x00000c40   Code   RO          425    .text               usmart.o
    0x0800b564   0x00000528   Code   RO          454    .text               usmart_str.o
    0x0800ba8c   0x00000110   Code   RO          473    .text               image2lcd.o
    0x0800bb9c   0x00000002   Code   RO          487    .text               c_w.l(use_no_semi_2.o)
    0x0800bb9e   0x00000002   PAD
    0x0800bba0   0x00000018   Code   RO          491    .text               c_w.l(noretval__2printf.o)
    0x0800bbb8   0x0000004e   Code   RO          495    .text               c_w.l(_printf_pad.o)
    0x0800bc06   0x00000052   Code   RO          497    .text               c_w.l(_printf_str.o)
    0x0800bc58   0x00000078   Code   RO          499    .text               c_w.l(_printf_dec.o)
    0x0800bcd0   0x00000058   Code   RO          504    .text               c_w.l(_printf_hex_int.o)
    0x0800bd28   0x00000188   Code   RO          539    .text               c_w.l(__printf_flags_ss_wp.o)
    0x0800beb0   0x0000003c   Code   RO          549    .text               c_w.l(rand.o)
    0x0800beec   0x00000006   Code   RO          553    .text               c_w.l(heapauxi.o)
    0x0800bef2   0x00000002   Code   RO          613    .text               c_w.l(use_no_semi.o)
    0x0800bef4   0x00000016   Code   RO          616    .text               c_w.l(_rserrno.o)
    0x0800bf0a   0x000000b2   Code   RO          618    .text               c_w.l(_printf_intcommon.o)
    0x0800bfbc   0x0000002c   Code   RO          620    .text               c_w.l(_printf_char.o)
    0x0800bfe8   0x00000024   Code   RO          622    .text               c_w.l(_printf_char_file.o)
    0x0800c00c   0x00000008   Code   RO          729    .text               c_w.l(rt_errno_addr_intlibspace.o)
    0x0800c014   0x00000030   Code   RO          731    .text               c_w.l(_printf_char_common.o)
    0x0800c044   0x00000008   Code   RO          733    .text               c_w.l(ferror.o)
    0x0800c04c   0x00000008   Code   RO          763    .text               c_w.l(libspace.o)
    0x0800c054   0x0000004a   Code   RO          766    .text               c_w.l(sys_stackheap_outer.o)
    0x0800c09e   0x0000000c   Code   RO          770    .text               c_w.l(exit.o)
    0x0800c0aa   0x00000028   Code   RO          759    i.__ARM_fpclassify  m_ws.l(fpclassify.o)
    0x0800c0d2   0x00000002   PAD
    0x0800c0d4   0x00000388   Code   RO          700    i.__ieee754_rem_pio2  m_ws.l(rred.o)
    0x0800c45c   0x000000fc   Code   RO          683    i.__kernel_cos      m_ws.l(cos_i.o)
    0x0800c558   0x000000aa   Code   RO          761    i.__kernel_poly     m_ws.l(poly.o)
    0x0800c602   0x00000002   PAD
    0x0800c604   0x000000ec   Code   RO          705    i.__kernel_sin      m_ws.l(sin_i.o)
    0x0800c6f0   0x00000006   Code   RO          687    i.__mathlib_dbl_infnan  m_ws.l(dunder.o)
    0x0800c6f6   0x0000000c   Code   RO          689    i.__mathlib_dbl_invalid  m_ws.l(dunder.o)
    0x0800c702   0x00000002   PAD
    0x0800c704   0x00000010   Code   RO          692    i.__mathlib_dbl_underflow  m_ws.l(dunder.o)
    0x0800c714   0x0000000e   Code   RO          532    i._is_digit         c_w.l(__printf_wp.o)
    0x0800c722   0x00000002   PAD
    0x0800c724   0x0000009c   Code   RO          590    i.cos               m_ws.l(cos.o)
    0x0800c7c0   0x000000a0   Code   RO          598    i.sin               m_ws.l(sin.o)
    0x0800c860   0x0000004c   Code   RO          606    i.sqrt              m_ws.l(sqrt.o)
    0x0800c8ac   0x00000150   Code   RO          557    x$fpl$dadd          fz_ws.l(daddsub_clz.o)
    0x0800c9fc   0x00000010   Code   RO          782    x$fpl$dcheck1       fz_ws.l(dcheck1.o)
    0x0800ca0c   0x000002b0   Code   RO          742    x$fpl$ddiv          fz_ws.l(ddiv.o)
    0x0800ccbc   0x0000005e   Code   RO          745    x$fpl$dfix          fz_ws.l(dfix.o)
    0x0800cd1a   0x00000002   PAD
    0x0800cd1c   0x0000005a   Code   RO          563    x$fpl$dfixu         fz_ws.l(dfixu.o)
    0x0800cd76   0x0000002e   Code   RO          750    x$fpl$dflt          fz_ws.l(dflt_clz.o)
    0x0800cda4   0x00000026   Code   RO          749    x$fpl$dfltu         fz_ws.l(dflt_clz.o)
    0x0800cdca   0x00000002   PAD
    0x0800cdcc   0x00000154   Code   RO          567    x$fpl$dmul          fz_ws.l(dmul.o)
    0x0800cf20   0x0000009c   Code   RO          672    x$fpl$dnaninf       fz_ws.l(dnaninf.o)
    0x0800cfbc   0x0000000c   Code   RO          674    x$fpl$dretinf       fz_ws.l(dretinf.o)
    0x0800cfc8   0x00000016   Code   RO          558    x$fpl$drsb          fz_ws.l(daddsub_clz.o)
    0x0800cfde   0x00000002   PAD
    0x0800cfe0   0x000001cc   Code   RO          676    x$fpl$dsqrt         fz_ws.l(dsqrt_noumaal.o)
    0x0800d1ac   0x000001d4   Code   RO          559    x$fpl$dsub          fz_ws.l(daddsub_clz.o)
    0x0800d380   0x00000056   Code   RO          569    x$fpl$f2d           fz_ws.l(f2d.o)
    0x0800d3d6   0x00000002   PAD
    0x0800d3d8   0x000000c4   Code   RO          571    x$fpl$fadd          fz_ws.l(faddsub_clz.o)
    0x0800d49c   0x00000184   Code   RO          578    x$fpl$fdiv          fz_ws.l(fdiv.o)
    0x0800d620   0x00000030   Code   RO          582    x$fpl$fflt          fz_ws.l(fflt_clz.o)
    0x0800d650   0x00000026   Code   RO          581    x$fpl$ffltu         fz_ws.l(fflt_clz.o)
    0x0800d676   0x00000002   PAD
    0x0800d678   0x00000102   Code   RO          587    x$fpl$fmul          fz_ws.l(fmul.o)
    0x0800d77a   0x0000008c   Code   RO          678    x$fpl$fnaninf       fz_ws.l(fnaninf.o)
    0x0800d806   0x0000000a   Code   RO          680    x$fpl$fretinf       fz_ws.l(fretinf.o)
    0x0800d810   0x000000ea   Code   RO          573    x$fpl$fsub          fz_ws.l(faddsub_clz.o)
    0x0800d8fa   0x00000064   Code   RO          794    x$fpl$retnan        fz_ws.l(retnan.o)
    0x0800d95e   0x0000005c   Code   RO          757    x$fpl$scalbn        fz_ws.l(scalbn.o)
    0x0800d9ba   0x00000030   Code   RO          810    x$fpl$trapveneer    fz_ws.l(trapv.o)
    0x0800d9ea   0x00000000   Code   RO          682    x$fpl$usenofp       fz_ws.l(usenofp.o)
    0x0800d9ea   0x000017c0   Data   RO          172    .constdata          lcd.o
    0x0800f1aa   0x00000018   Data   RO          202    .constdata          rtc.o
    0x0800f1c2   0x00024606   Data   RO          466    .constdata          image1.o
    0x080337c8   0x00000028   Data   RO          505    .constdata          c_w.l(_printf_hex_int.o)
    0x080337f0   0x00000011   Data   RO          540    .constdata          c_w.l(__printf_flags_ss_wp.o)
    0x08033801   0x00000007   PAD
    0x08033808   0x00000030   Data   RO          684    .constdata          m_ws.l(cos_i.o)
    0x08033838   0x000000c8   Data   RO          702    .constdata          m_ws.l(rred.o)
    0x08033900   0x00000028   Data   RO          706    .constdata          m_ws.l(sin_i.o)
    0x08033928   0x00000028   Data   RO          426    .conststring        usmart.o
    0x08033950   0x000000ab   Data   RO          441    .conststring        usmart_config.o
    0x080339fb   0x00000001   PAD
    0x080339fc   0x00000020   Data   RO          854    Region$$Table       anon$$obj.o


    Execution Region RW_IRAM1 (Base: 0x20000000, Size: 0x000009d0, Max: 0x0000c000, ABSOLUTE, COMPRESSED[0x00000074])

    Base Addr    Size         Type   Attr      Idx    E Section Name        Object

    0x20000000   0x00000014   Data   RW          141    .data               system_stm32f10x.o
    0x20000014   0x0000002c   Data   RW          173    .data               lcd.o
    0x20000040   0x00000002   Data   RW          203    .data               rtc.o
    0x20000042   0x00000002   PAD
    0x20000044   0x00000008   Data   RW          221    .data               exti.o
    0x2000004c   0x00000001   Data   RW          236    .data               key.o
    0x2000004d   0x00000001   PAD
    0x2000004e   0x00000004   Data   RW          249    .data               delay.o
    0x20000052   0x00000002   PAD
    0x20000054   0x00000006   Data   RW          276    .data               usart.o
    0x2000005a   0x00000014   Data   RW          328    .data               stm32f10x_rcc.o
    0x2000006e   0x00000002   PAD
    0x20000070   0x0000001c   Data   RW          427    .data               usmart.o
    0x2000008c   0x0000011c   Data   RW          442    .data               usmart_config.o
    0x200001a8   0x0000000e   Zero   RW          171    .bss                lcd.o
    0x200001b6   0x0000000a   Zero   RW          201    .bss                rtc.o
    0x200001c0   0x000000c8   Zero   RW          275    .bss                usart.o
    0x20000288   0x000000e4   Zero   RW          550    .bss                c_w.l(rand.o)
    0x2000036c   0x00000060   Zero   RW          764    .bss                c_w.l(libspace.o)
    0x200003cc   0x00000004   PAD
    0x200003d0   0x00000200   Zero   RW          309    HEAP                startup_stm32f10x_hd.o
    0x200005d0   0x00000400   Zero   RW          308    STACK               startup_stm32f10x_hd.o


==============================================================================

Image component sizes


      Code (inc. data)   RO Data    RW Data    ZI Data      Debug   Object Name

         0          0          0          0          0         32   core_cm3.o
       212         18          0          4          0       1039   delay.o
      2908         44          0          8          0       2440   exti.o
         0          0     148998          0          0        464   image1.o
       272         14          0          0          0       1678   image2lcd.o
       252         16          0          1          0        832   key.o
     29356        590       6080         44         14      26291   lcd.o
        80          8          0          0          0        503   led.o
       408         96          0          0          0     257031   main.o
       220         22          0          0          0       1821   misc.o
       892         28         24          2         10       3704   rtc.o
        64         26        304          0       1536        808   startup_stm32f10x_hd.o
       196          8          0          0          0       3484   stm32f10x_bkp.o
       284         10          0          0          0       2255   stm32f10x_exti.o
       860         38          0          0          0       5665   stm32f10x_gpio.o
        26          0          0          0          0       1190   stm32f10x_it.o
       204         14          0          0          0       1927   stm32f10x_pwr.o
       932         36          0         20          0       8848   stm32f10x_rcc.o
       328          4          0          0          0       2678   stm32f10x_rtc.o
      3610         88          0          0          0      22152   stm32f10x_tim.o
      1032         22          0          0          0       8392   stm32f10x_usart.o
        12          0          0          0          0        461   sys.o
       480         38          0         20          0       1767   system_stm32f10x.o
       328         18          0          6        200       3186   usart.o
      3136       1288         40         28          0       4302   usmart.o
         0          0        171        284          0       1664   usmart_config.o
      1320         12          0          0          0       5073   usmart_str.o

    ----------------------------------------------------------------------
     47416       2438     155650        424       1760     369687   Object Totals
         0          0         32          0          0          0   (incl. Generated)
         4          0          1          7          0          0   (incl. Padding)

    ----------------------------------------------------------------------

      Code (inc. data)   RO Data    RW Data    ZI Data      Debug   Library Member Name

        90          0          0          0          0          0   __dczerorl2.o
         8          0          0          0          0         68   __main.o
       392          4         17          0          0         92   __printf_flags_ss_wp.o
        14          0          0          0          0         68   __printf_wp.o
         0          0          0          0          0          0   __rtentry.o
        12          0          0          0          0          0   __rtentry2.o
         6          0          0          0          0          0   __rtentry4.o
        52          8          0          0          0          0   __scatter.o
        28          0          0          0          0          0   __scatter_zi.o
         6          0          0          0          0          0   _printf_c.o
        44          0          0          0          0        108   _printf_char.o
        48          6          0          0          0         96   _printf_char_common.o
        36          4          0          0          0         80   _printf_char_file.o
         6          0          0          0          0          0   _printf_d.o
       120         16          0          0          0         92   _printf_dec.o
        88          4         40          0          0         88   _printf_hex_int.o
       178          0          0          0          0         88   _printf_intcommon.o
        78          0          0          0          0        108   _printf_pad.o
         0          0          0          0          0          0   _printf_percent.o
         4          0          0          0          0          0   _printf_percent_end.o
         6          0          0          0          0          0   _printf_s.o
        82          0          0          0          0         80   _printf_str.o
         6          0          0          0          0          0   _printf_u.o
         6          0          0          0          0          0   _printf_x.o
        22          0          0          0          0        100   _rserrno.o
        12          0          0          0          0         72   exit.o
         8          0          0          0          0         68   ferror.o
         6          0          0          0          0        152   heapauxi.o
         2          0          0          0          0          0   libinit.o
         6          0          0          0          0          0   libinit2.o
         2          0          0          0          0          0   libshutdown.o
         2          0          0          0          0          0   libshutdown2.o
         8          4          0          0         96         68   libspace.o
        24          4          0          0          0         84   noretval__2printf.o
       112         18          0          0        228        160   rand.o
         8          4          0          0          0         68   rt_errno_addr_intlibspace.o
         2          0          0          0          0          0   rtexit.o
        10          0          0          0          0          0   rtexit2.o
        74          0          0          0          0         80   sys_stackheap_outer.o
         2          0          0          0          0         68   use_no_semi.o
         2          0          0          0          0         68   use_no_semi_2.o
       826         16          0          0          0        348   daddsub_clz.o
        16          4          0          0          0         68   dcheck1.o
       688        140          0          0          0        208   ddiv.o
        94          4          0          0          0         92   dfix.o
        90          4          0          0          0         92   dfixu.o
        84          0          0          0          0        136   dflt_clz.o
       340         12          0          0          0        104   dmul.o
       156          4          0          0          0         92   dnaninf.o
        12          0          0          0          0         68   dretinf.o
       460         56          0          0          0        120   dsqrt_noumaal.o
        86          4          0          0          0         84   f2d.o
       430          8          0          0          0        168   faddsub_clz.o
       388         76          0          0          0         96   fdiv.o
        86          0          0          0          0        136   fflt_clz.o
       258          4          0          0          0         84   fmul.o
       140          4          0          0          0         84   fnaninf.o
        10          0          0          0          0         68   fretinf.o
       100          0          0          0          0         68   retnan.o
        92          0          0          0          0         68   scalbn.o
        48          0          0          0          0         68   trapv.o
         0          0          0          0          0          0   usenofp.o
       156          8          0          0          0        104   cos.o
       252         22         48          0          0        124   cos_i.o
        34          6          0          0          0        204   dunder.o
        40          0          0          0          0         68   fpclassify.o
       170          0          0          0          0         96   poly.o
       904         76        200          0          0        140   rred.o
       160         10          0          0          0        108   sin.o
       236         12         40          0          0        128   sin_i.o
        76          0          0          0          0         84   sqrt.o

    ----------------------------------------------------------------------
      8066        542        352          0        328       5264   Library Totals
        22          0          7          0          4          0   (incl. Padding)

    ----------------------------------------------------------------------

      Code (inc. data)   RO Data    RW Data    ZI Data      Debug   Library Name

      1612         72         57          0        324       1956   c_w.l
      4404        336          0          0          0       2252   fz_ws.l
      2028        134        288          0          0       1056   m_ws.l

    ----------------------------------------------------------------------
      8066        542        352          0        328       5264   Library Totals

    ----------------------------------------------------------------------

==============================================================================


      Code (inc. data)   RO Data    RW Data    ZI Data      Debug   

     55482       2980     156002        424       2088     369851   Grand Totals
     55482       2980     156002        116       2088     369851   ELF Image Totals (compressed)
     55482       2980     156002        116          0          0   ROM Totals

==============================================================================

    Total RO  Size (Code + RO Data)               211484 ( 206.53kB)
    Total RW  Size (RW Data + ZI Data)              2512 (   2.45kB)
    Total ROM Size (Code + RO Data + RW Data)     211600 ( 206.64kB)

==============================================================================

